Component: ARM Compiler 5.06 update 7 (build 960) Tool: armlink [4d3601]

==============================================================================

Section Cross References

    startup_stm32f10x_md.o(STACK) refers (Special) to heapauxi.o(.text) for __use_two_region_memory
    startup_stm32f10x_md.o(HEAP) refers (Special) to heapauxi.o(.text) for __use_two_region_memory
    startup_stm32f10x_md.o(RESET) refers (Special) to heapauxi.o(.text) for __use_two_region_memory
    startup_stm32f10x_md.o(RESET) refers to startup_stm32f10x_md.o(STACK) for __initial_sp
    startup_stm32f10x_md.o(RESET) refers to startup_stm32f10x_md.o(.text) for Reset_Handler
    startup_stm32f10x_md.o(RESET) refers to stm32f10x_it.o(i.NMI_Handler) for NMI_Handler
    startup_stm32f10x_md.o(RESET) refers to stm32f10x_it.o(i.HardFault_Handler) for HardFault_Handler
    startup_stm32f10x_md.o(RESET) refers to stm32f10x_it.o(i.MemManage_Handler) for MemManage_Handler
    startup_stm32f10x_md.o(RESET) refers to stm32f10x_it.o(i.BusFault_Handler) for BusFault_Handler
    startup_stm32f10x_md.o(RESET) refers to stm32f10x_it.o(i.UsageFault_Handler) for UsageFault_Handler
    startup_stm32f10x_md.o(RESET) refers to stm32f10x_it.o(i.SVC_Handler) for SVC_Handler
    startup_stm32f10x_md.o(RESET) refers to stm32f10x_it.o(i.DebugMon_Handler) for DebugMon_Handler
    startup_stm32f10x_md.o(RESET) refers to stm32f10x_it.o(i.PendSV_Handler) for PendSV_Handler
    startup_stm32f10x_md.o(RESET) refers to stm32f10x_it.o(i.SysTick_Handler) for SysTick_Handler
    startup_stm32f10x_md.o(RESET) refers to main.o(i.TIM2_IRQHandler) for TIM2_IRQHandler
    startup_stm32f10x_md.o(RESET) refers to playmusic.o(i.TIM3_IRQHandler) for TIM3_IRQHandler
    startup_stm32f10x_md.o(RESET) refers to usart.o(i.USART1_IRQHandler) for USART1_IRQHandler
    startup_stm32f10x_md.o(.text) refers (Special) to heapauxi.o(.text) for __use_two_region_memory
    startup_stm32f10x_md.o(.text) refers to system_stm32f10x.o(i.SystemInit) for SystemInit
    startup_stm32f10x_md.o(.text) refers to __main.o(!!!main) for __main
    startup_stm32f10x_md.o(.text) refers to startup_stm32f10x_md.o(HEAP) for Heap_Mem
    startup_stm32f10x_md.o(.text) refers to startup_stm32f10x_md.o(STACK) for Stack_Mem
    system_stm32f10x.o(i.SystemCoreClockUpdate) refers to system_stm32f10x.o(.data) for .data
    system_stm32f10x.o(i.SystemInit) refers to system_stm32f10x.o(i.SetSysClockTo72) for SetSysClockTo72
    stm32f10x_adc.o(i.ADC_DeInit) refers to stm32f10x_rcc.o(i.RCC_APB2PeriphResetCmd) for RCC_APB2PeriphResetCmd
    stm32f10x_bkp.o(i.BKP_DeInit) refers to stm32f10x_rcc.o(i.RCC_BackupResetCmd) for RCC_BackupResetCmd
    stm32f10x_can.o(i.CAN_DeInit) refers to stm32f10x_rcc.o(i.RCC_APB1PeriphResetCmd) for RCC_APB1PeriphResetCmd
    stm32f10x_can.o(i.CAN_GetITStatus) refers to stm32f10x_can.o(i.CheckITStatus) for CheckITStatus
    stm32f10x_cec.o(i.CEC_DeInit) refers to stm32f10x_rcc.o(i.RCC_APB1PeriphResetCmd) for RCC_APB1PeriphResetCmd
    stm32f10x_dac.o(i.DAC_DeInit) refers to stm32f10x_rcc.o(i.RCC_APB1PeriphResetCmd) for RCC_APB1PeriphResetCmd
    stm32f10x_flash.o(i.FLASH_EnableWriteProtection) refers to stm32f10x_flash.o(i.FLASH_WaitForLastOperation) for FLASH_WaitForLastOperation
    stm32f10x_flash.o(i.FLASH_EraseAllBank1Pages) refers to stm32f10x_flash.o(i.FLASH_WaitForLastBank1Operation) for FLASH_WaitForLastBank1Operation
    stm32f10x_flash.o(i.FLASH_EraseAllPages) refers to stm32f10x_flash.o(i.FLASH_WaitForLastOperation) for FLASH_WaitForLastOperation
    stm32f10x_flash.o(i.FLASH_EraseOptionBytes) refers to stm32f10x_flash.o(i.FLASH_GetReadOutProtectionStatus) for FLASH_GetReadOutProtectionStatus
    stm32f10x_flash.o(i.FLASH_EraseOptionBytes) refers to stm32f10x_flash.o(i.FLASH_WaitForLastOperation) for FLASH_WaitForLastOperation
    stm32f10x_flash.o(i.FLASH_ErasePage) refers to stm32f10x_flash.o(i.FLASH_WaitForLastOperation) for FLASH_WaitForLastOperation
    stm32f10x_flash.o(i.FLASH_ProgramHalfWord) refers to stm32f10x_flash.o(i.FLASH_WaitForLastOperation) for FLASH_WaitForLastOperation
    stm32f10x_flash.o(i.FLASH_ProgramOptionByteData) refers to stm32f10x_flash.o(i.FLASH_WaitForLastOperation) for FLASH_WaitForLastOperation
    stm32f10x_flash.o(i.FLASH_ProgramWord) refers to stm32f10x_flash.o(i.FLASH_WaitForLastOperation) for FLASH_WaitForLastOperation
    stm32f10x_flash.o(i.FLASH_ReadOutProtection) refers to stm32f10x_flash.o(i.FLASH_WaitForLastOperation) for FLASH_WaitForLastOperation
    stm32f10x_flash.o(i.FLASH_UserOptionByteConfig) refers to stm32f10x_flash.o(i.FLASH_WaitForLastOperation) for FLASH_WaitForLastOperation
    stm32f10x_flash.o(i.FLASH_WaitForLastBank1Operation) refers to stm32f10x_flash.o(i.FLASH_GetBank1Status) for FLASH_GetBank1Status
    stm32f10x_flash.o(i.FLASH_WaitForLastOperation) refers to stm32f10x_flash.o(i.FLASH_GetBank1Status) for FLASH_GetBank1Status
[...]
    RCC_APB1PeriphClockCmd                   0x08002951   Thumb Code    18  stm32f10x_rcc.o(i.RCC_APB1PeriphClockCmd)
    RCC_APB2PeriphClockCmd                   0x08002969   Thumb Code    18  stm32f10x_rcc.o(i.RCC_APB2PeriphClockCmd)
    RCC_GetClocksFreq                        0x08002981   Thumb Code   128  stm32f10x_rcc.o(i.RCC_GetClocksFreq)
    SVC_Handler                              0x08002a11   Thumb Code     2  stm32f10x_it.o(i.SVC_Handler)
    SysTick_Handler                          0x08002abd   Thumb Code     2  stm32f10x_it.o(i.SysTick_Handler)
    SystemInit                               0x08002ac1   Thumb Code    64  system_stm32f10x.o(i.SystemInit)
    TIM2_IRQHandler                          0x08002b11   Thumb Code    38  main.o(i.TIM2_IRQHandler)
    TIM2_Int_Init                            0x08002b37   Thumb Code    98  timer2.o(i.TIM2_Int_Init)
    TIM3_IRQHandler                          0x08002b99   Thumb Code    30  playmusic.o(i.TIM3_IRQHandler)
    TIM_ClearFlag                            0x08002bbd   Thumb Code     6  stm32f10x_tim.o(i.TIM_ClearFlag)
    TIM_ClearITPendingBit                    0x08002bc3   Thumb Code     6  stm32f10x_tim.o(i.TIM_ClearITPendingBit)
    TIM_Cmd                                  0x08002bc9   Thumb Code    20  stm32f10x_tim.o(i.TIM_Cmd)
    TIM_GetITStatus                          0x08002bdd   Thumb Code    24  stm32f10x_tim.o(i.TIM_GetITStatus)
    TIM_ITConfig                             0x08002bf5   Thumb Code    16  stm32f10x_tim.o(i.TIM_ITConfig)
    TIM_TimeBaseInit                         0x08002c05   Thumb Code   114  stm32f10x_tim.o(i.TIM_TimeBaseInit)
    USART1_IRQHandler                        0x08002ca1   Thumb Code    88  usart.o(i.USART1_IRQHandler)
    USART_Cmd                                0x08002d05   Thumb Code    20  stm32f10x_usart.o(i.USART_Cmd)
    USART_GetITStatus                        0x08002d19   Thumb Code    62  stm32f10x_usart.o(i.USART_GetITStatus)
    USART_ITConfig                           0x08002d57   Thumb Code    48  stm32f10x_usart.o(i.USART_ITConfig)
    USART_Init                               0x08002d89   Thumb Code   166  stm32f10x_usart.o(i.USART_Init)
    USART_ReceiveData                        0x08002e35   Thumb Code     8  stm32f10x_usart.o(i.USART_ReceiveData)
    UsageFault_Handler                       0x08002e3d   Thumb Code     2  stm32f10x_it.o(i.UsageFault_Handler)
    Video_init                               0x08002e41   Thumb Code   102  playmusic.o(i.Video_init)
    __ARM_fpclassify                         0x08002ead   Thumb Code    40  fpclassify.o(i.__ARM_fpclassify)
    __kernel_poly                            0x08002ed5   Thumb Code   170  poly.o(i.__kernel_poly)
    __mathlib_dbl_infnan                     0x08002f7f   Thumb Code     6  dunder.o(i.__mathlib_dbl_infnan)
    __mathlib_dbl_infnan2                    0x08002f85   Thumb Code     4  dunder.o(i.__mathlib_dbl_infnan2)
    __mathlib_dbl_invalid                    0x08002f89   Thumb Code    12  dunder.o(i.__mathlib_dbl_invalid)
    __mathlib_dbl_underflow                  0x08002f95   Thumb Code    10  dunder.o(i.__mathlib_dbl_underflow)
    _is_digit                                0x08002fa5   Thumb Code    14  __printf_wp.o(i._is_digit)
    _sys_exit                                0x08002fb3   Thumb Code     2  usart.o(i._sys_exit)
    about_proc                               0x08002fb5   Thumb Code   244  ui.o(i.about_proc)
    advalue_proc                             0x08003155   Thumb Code   498  ui.o(i.advalue_proc)
    asin                                     0x080033dd   Thumb Code   572  asin.o(i.asin)
    atan                                     0x0800364d   Thumb Code   474  atan.o(i.atan)
    atan2                                    0x0800386d   Thumb Code   374  atan2.o(i.atan2)
    bat_proc                                 0x08003a09   Thumb Code   296  ui.o(i.bat_proc)
    cat_proc                                 0x08003b55   Thumb Code   434  ui.o(i.cat_proc)
    checkRock1AdX_add                        0x08003d81   Thumb Code    78  ui.o(i.checkRock1AdX_add)
    checkRock1AdX_dec                        0x08003e59   Thumb Code    72  ui.o(i.checkRock1AdX_dec)
    dmp_enable_6x_lp_quat                    0x08003f29   Thumb Code    58  inv_mpu_dmp_motion_driver.o(i.dmp_enable_6x_lp_quat)
    dmp_enable_feature                       0x08003f65   Thumb Code   464  inv_mpu_dmp_motion_driver.o(i.dmp_enable_feature)
    dmp_enable_gyro_cal                      0x0800413d   Thumb Code    34  inv_mpu_dmp_motion_driver.o(i.dmp_enable_gyro_cal)
    dmp_enable_lp_quat                       0x08004179   Thumb Code    58  inv_mpu_dmp_motion_driver.o(i.dmp_enable_lp_quat)
    dmp_load_motion_driver_firmware          0x080041b5   Thumb Code    16  inv_mpu_dmp_motion_driver.o(i.dmp_load_motion_driver_firmware)
    dmp_read_fifo                            0x080041c9   Thumb Code   352  inv_mpu_dmp_motion_driver.o(i.dmp_read_fifo)
    dmp_set_accel_bias                       0x0800432d   Thumb Code   210  inv_mpu_dmp_motion_driver.o(i.dmp_set_accel_bias)
    dmp_set_fifo_rate                        0x08004405   Thumb Code    82  inv_mpu_dmp_motion_driver.o(i.dmp_set_fifo_rate)
    dmp_set_gyro_bias                        0x08004469   Thumb Code   196  inv_mpu_dmp_motion_driver.o(i.dmp_set_gyro_bias)
    dmp_set_orientation                      0x08004535   Thumb Code   246  inv_mpu_dmp_motion_driver.o(i.dmp_set_orientation)
    dmp_set_shake_reject_thresh              0x08004641   Thumb Code    48  inv_mpu_dmp_motion_driver.o(i.dmp_set_shake_reject_thresh)
    dmp_set_shake_reject_time                0x08004671   Thumb Code    32  inv_mpu_dmp_motion_driver.o(i.dmp_set_shake_reject_time)
    dmp_set_shake_reject_timeout             0x08004691   Thumb Code    32  inv_mpu_dmp_motion_driver.o(i.dmp_set_shake_reject_timeout)
    dmp_set_tap_axes                         0x080046b1   Thumb Code    64  inv_mpu_dmp_motion_driver.o(i.dmp_set_tap_axes)
    dmp_set_tap_count                        0x080046f1   Thumb Code    34  inv_mpu_dmp_motion_driver.o(i.dmp_set_tap_count)
    dmp_set_tap_thresh                       0x08004715   Thumb Code   274  inv_mpu_dmp_motion_driver.o(i.dmp_set_tap_thresh)
    dmp_set_tap_time                         0x0800483d   Thumb Code    32  inv_mpu_dmp_motion_driver.o(i.dmp_set_tap_time)
    dmp_set_tap_time_multi                   0x0800485d   Thumb Code    32  inv_mpu_dmp_motion_driver.o(i.dmp_set_tap_time_multi)
    fputc                                    0x0800487d   Thumb Code    18  usart.o(i.fputc)
    inv_orientation_matrix_to_scalar         0x08004d29   Thumb Code    34  inv_mpu.o(i.inv_orientation_matrix_to_scalar)
    inv_row_2_scale                          0x08004d4b   Thumb Code    72  inv_mpu.o(i.inv_row_2_scale)
    led_proc                                 0x08004d95   Thumb Code   834  ui.o(i.led_proc)
    main                                     0x0800516d   Thumb Code   148  main.o(i.main)
    menu_ui_show                             0x08005241   Thumb Code   148  ui.o(i.menu_ui_show)
    mget_ms                                  0x08005301   Thumb Code     2  inv_mpu.o(i.mget_ms)
    mpu6050_proc                             0x08005305   Thumb Code   492  ui.o(i.mpu6050_proc)
    mpu_configure_fifo                       0x08005569   Thumb Code    78  inv_mpu.o(i.mpu_configure_fifo)
    mpu_dmp_get_data                         0x080055bd   Thumb Code   408  inv_mpu.o(i.mpu_dmp_get_data)
    mpu_dmp_init                             0x08005759   Thumb Code   158  inv_mpu.o(i.mpu_dmp_init)
    mpu_get_accel_fsr                        0x080057fd   Thumb Code    54  inv_mpu.o(i.mpu_get_accel_fsr)
    mpu_get_accel_sens                       0x08005839   Thumb Code    62  inv_mpu.o(i.mpu_get_accel_sens)
    mpu_get_gyro_fsr                         0x0800587d   Thumb Code    48  inv_mpu.o(i.mpu_get_gyro_fsr)
    mpu_get_gyro_sens                        0x080058b1   Thumb Code    44  inv_mpu.o(i.mpu_get_gyro_sens)
    mpu_get_lpf                              0x080058f1   Thumb Code    52  inv_mpu.o(i.mpu_get_lpf)
    mpu_get_sample_rate                      0x08005929   Thumb Code    22  inv_mpu.o(i.mpu_get_sample_rate)
    mpu_init                                 0x08005945   Thumb Code   310  inv_mpu.o(i.mpu_init)
    mpu_load_firmware                        0x08005acd   Thumb Code   154  inv_mpu.o(i.mpu_load_firmware)
    mpu_lp_accel_mode                        0x08005b6d   Thumb Code   178  inv_mpu.o(i.mpu_lp_accel_mode)
    mpu_read_fifo_stream                     0x08005c25   Thumb Code   140  inv_mpu.o(i.mpu_read_fifo_stream)
    mpu_read_mem                             0x08005cb5   Thumb Code    80  inv_mpu.o(i.mpu_read_mem)
    mpu_reset_fifo                           0x08005d09   Thumb Code   346  inv_mpu.o(i.mpu_reset_fifo)
    mpu_run_self_test                        0x08005e69   Thumb Code   234  inv_mpu.o(i.mpu_run_self_test)
    mpu_set_accel_fsr                        0x08005f59   Thumb Code    98  inv_mpu.o(i.mpu_set_accel_fsr)
    mpu_set_bypass                           0x08005fc1   Thumb Code   214  inv_mpu.o(i.mpu_set_bypass)
    mpu_set_dmp_state                        0x0800609d   Thumb Code   114  inv_mpu.o(i.mpu_set_dmp_state)
    mpu_set_gyro_fsr                         0x08006115   Thumb Code   104  inv_mpu.o(i.mpu_set_gyro_fsr)
    mpu_set_int_latched                      0x08006181   Thumb Code    94  inv_mpu.o(i.mpu_set_int_latched)
    mpu_set_lpf                              0x080061e5   Thumb Code   102  inv_mpu.o(i.mpu_set_lpf)
    mpu_set_sample_rate                      0x08006251   Thumb Code   124  inv_mpu.o(i.mpu_set_sample_rate)
    mpu_set_sensors                          0x080062d1   Thumb Code   178  inv_mpu.o(i.mpu_set_sensors)
    mpu_write_mem                            0x08006389   Thumb Code    80  inv_mpu.o(i.mpu_write_mem)
    pic_proc                                 0x080063dd   Thumb Code   378  ui.o(i.pic_proc)
    pic_ui_show                              0x080065d9   Thumb Code    72  ui.o(i.pic_ui_show)
    run_self_test                            0x08006631   Thumb Code   128  inv_mpu.o(i.run_self_test)
    setting_proc                             0x08006709   Thumb Code   920  ui.o(i.setting_proc)
    setting_ui_show                          0x08006b3d   Thumb Code   304  ui.o(i.setting_ui_show)
    sqrt                                     0x08006c75   Thumb Code    76  sqrt.o(i.sqrt)
    u8g2_ClearBuffer                         0x08006cc1   Thumb Code    18  u8g2_buffer.o(i.u8g2_ClearBuffer)
    u8g2_DrawBox                             0x08006cd3   Thumb Code    68  u8g2_box.o(i.u8g2_DrawBox)
    u8g2_DrawDisc                            0x08006d17   Thumb Code    64  u8g2_circle.o(i.u8g2_DrawDisc)
    u8g2_DrawGlyph                           0x08006d57   Thumb Code   110  u8g2_font.o(i.u8g2_DrawGlyph)
    u8g2_DrawHLine                           0x08006dc5   Thumb Code    12  u8g2_hvline.o(i.u8g2_DrawHLine)
    u8g2_DrawHVLine                          0x08006dd1   Thumb Code   172  u8g2_hvline.o(i.u8g2_DrawHVLine)
    u8g2_DrawHXBMP                           0x08006e7d   Thumb Code   148  u8g2_bitmap.o(i.u8g2_DrawHXBMP)
    u8g2_DrawRBox                            0x08006f11   Thumb Code   230  u8g2_box.o(i.u8g2_DrawRBox)
    u8g2_DrawStr                             0x08006ff9   Thumb Code    12  u8g2_font.o(i.u8g2_DrawStr)
    u8g2_DrawUTF8                            0x08007009   Thumb Code    12  u8g2_font.o(i.u8g2_DrawUTF8)
    u8g2_DrawVLine                           0x08007019   Thumb Code    12  u8g2_hvline.o(i.u8g2_DrawVLine)
    u8g2_DrawXBMP                            0x08007025   Thumb Code    76  u8g2_bitmap.o(i.u8g2_DrawXBMP)
    u8g2_IsIntersection                      0x08007071   Thumb Code    48  u8g2_intersection.o(i.u8g2_IsIntersection)
    u8g2_SendBuffer                          0x080070a1   Thumb Code    18  u8g2_buffer.o(i.u8g2_SendBuffer)
    u8g2_SetDrawColor                        0x080070b3   Thumb Code    16  u8g2_hvline.o(i.u8g2_SetDrawColor)
    u8g2_SetFont                             0x080070c3   Thumb Code    32  u8g2_font.o(i.u8g2_SetFont)
    u8g2_SetFontPosBaseline                  0x080070e5   Thumb Code     6  u8g2_font.o(i.u8g2_SetFontPosBaseline)
    u8g2_SetMaxClipWindow                    0x080070f1   Thumb Code    28  u8g2_setup.o(i.u8g2_SetMaxClipWindow)
    u8g2_SetupBuffer                         0x0800710d   Thumb Code    70  u8g2_setup.o(i.u8g2_SetupBuffer)
    u8g2_Setup_ssd1306_i2c_128x64_noname_f   0x08007155   Thumb Code    42  u8g2_d_setup.o(i.u8g2_Setup_ssd1306_i2c_128x64_noname_f)
    u8g2_UpdateRefHeight                     0x0800718d   Thumb Code    82  u8g2_font.o(i.u8g2_UpdateRefHeight)
    u8g2_add_vector_x                        0x080071df   Thumb Code    28  u8g2_font.o(i.u8g2_add_vector_x)
    u8g2_add_vector_y                        0x080071fb   Thumb Code    28  u8g2_font.o(i.u8g2_add_vector_y)
    u8g2_draw_hv_line_2dir                   0x080073f7   Thumb Code    18  u8g2_hvline.o(i.u8g2_draw_hv_line_2dir)
    u8g2_draw_l90_r0                         0x08007409   Thumb Code    12  u8g2_setup.o(i.u8g2_draw_l90_r0)
    u8g2_font_calc_vref_font                 0x0800748b   Thumb Code     4  u8g2_font.o(i.u8g2_font_calc_vref_font)
    u8g2_font_decode_get_signed_bits         0x0800748f   Thumb Code    20  u8g2_font.o(i.u8g2_font_decode_get_signed_bits)
    u8g2_font_decode_get_unsigned_bits       0x080074a3   Thumb Code    52  u8g2_font.o(i.u8g2_font_decode_get_unsigned_bits)
    u8g2_font_decode_glyph                   0x080074d9   Thumb Code   276  u8g2_font.o(i.u8g2_font_decode_glyph)
    u8g2_font_decode_len                     0x080075ed   Thumb Code   140  u8g2_font.o(i.u8g2_font_decode_len)
    u8g2_font_get_glyph_data                 0x08007679   Thumb Code   114  u8g2_font.o(i.u8g2_font_get_glyph_data)
    u8g2_is_intersection_decision_tree       0x08007733   Thumb Code    24  u8g2_intersection.o(i.u8g2_is_intersection_decision_tree)
    u8g2_ll_hvline_vertical_top_lsb          0x0800774d   Thumb Code   144  u8g2_ll_hvline.o(i.u8g2_ll_hvline_vertical_top_lsb)
    u8g2_m_16_8_f                            0x080077dd   Thumb Code     8  u8g2_d_memory.o(i.u8g2_m_16_8_f)
    u8g2_read_font_info                      0x080077e9   Thumb Code   106  u8g2_font.o(i.u8g2_read_font_info)
    u8g2_update_dimension_r0                 0x080078e7   Thumb Code     4  u8g2_setup.o(i.u8g2_update_dimension_r0)
    u8g2_update_page_win_r0                  0x080078eb   Thumb Code    34  u8g2_setup.o(i.u8g2_update_page_win_r0)
    u8x8_DrawTile                            0x0800790d   Thumb Code    30  u8x8_display.o(i.u8x8_DrawTile)
    u8x8_InitDisplay                         0x0800792b   Thumb Code    16  u8x8_display.o(i.u8x8_InitDisplay)
    u8x8_RefreshDisplay                      0x0800793b   Thumb Code    16  u8x8_display.o(i.u8x8_RefreshDisplay)
    u8x8_SetPowerSave                        0x0800794b   Thumb Code    16  u8x8_display.o(i.u8x8_SetPowerSave)
    u8x8_Setup                               0x0800795b   Thumb Code    34  u8x8_setup.o(i.u8x8_Setup)
    u8x8_SetupDefaults                       0x0800797d   Thumb Code    32  u8x8_setup.o(i.u8x8_SetupDefaults)
    u8x8_SetupMemory                         0x080079a1   Thumb Code    16  u8x8_display.o(i.u8x8_SetupMemory)
    u8x8_ascii_next                          0x080079b1   Thumb Code    14  u8x8_8x8.o(i.u8x8_ascii_next)
    u8x8_byte_EndTransfer                    0x080079bf   Thumb Code    16  u8x8_byte.o(i.u8x8_byte_EndTransfer)
    u8x8_byte_SendByte                       0x080079cf   Thumb Code    14  u8x8_byte.o(i.u8x8_byte_SendByte)
    u8x8_byte_StartTransfer                  0x080079dd   Thumb Code    16  u8x8_byte.o(i.u8x8_byte_StartTransfer)
    u8x8_byte_hw_i2c                         0x080079ed   Thumb Code   152  ui.o(i.u8x8_byte_hw_i2c)
    u8x8_cad_EndTransfer                     0x08007a99   Thumb Code    16  u8x8_cad.o(i.u8x8_cad_EndTransfer)
    u8x8_cad_SendArg                         0x08007aa9   Thumb Code    16  u8x8_cad.o(i.u8x8_cad_SendArg)
    u8x8_cad_SendCmd                         0x08007ab9   Thumb Code    16  u8x8_cad.o(i.u8x8_cad_SendCmd)
    u8x8_cad_SendData                        0x08007ac9   Thumb Code    16  u8x8_cad.o(i.u8x8_cad_SendData)
    u8x8_cad_SendSequence                    0x08007ad9   Thumb Code   104  u8x8_cad.o(i.u8x8_cad_SendSequence)
    u8x8_cad_StartTransfer                   0x08007b41   Thumb Code    16  u8x8_cad.o(i.u8x8_cad_StartTransfer)
    u8x8_cad_ssd13xx_fast_i2c                0x08007b51   Thumb Code   182  u8x8_cad.o(i.u8x8_cad_ssd13xx_fast_i2c)
    u8x8_d_helper_display_init               0x08007c0d   Thumb Code    96  u8x8_display.o(i.u8x8_d_helper_display_init)
    u8x8_d_helper_display_setup_memory       0x08007c6d   Thumb Code    10  u8x8_display.o(i.u8x8_d_helper_display_setup_memory)
    u8x8_d_ssd1306_128x64_noname             0x08007c79   Thumb Code    52  u8x8_d_ssd1306_128x64_noname.o(i.u8x8_d_ssd1306_128x64_noname)
    u8x8_dummy_cb                            0x08007d7d   Thumb Code     4  u8x8_setup.o(i.u8x8_dummy_cb)
    u8x8_gpio_and_delay                      0x08007d81   Thumb Code   142  ui.o(i.u8x8_gpio_and_delay)
    u8x8_gpio_call                           0x08007e15   Thumb Code    12  u8x8_gpio.o(i.u8x8_gpio_call)
    u8x8_utf8_init                           0x08007e4d   Thumb Code     8  u8x8_8x8.o(i.u8x8_utf8_init)
    u8x8_utf8_next                           0x08007e55   Thumb Code   144  u8x8_8x8.o(i.u8x8_utf8_next)
    uart_init                                0x08007ee5   Thumb Code   152  usart.o(i.uart_init)
    ui_proc                                  0x08007f85   Thumb Code    52  ui.o(i.ui_proc)
    ui_run                                   0x08007fc1   Thumb Code    52  ui.o(i.ui_run)
    ui_run_pic                               0x08007ff5   Thumb Code    48  ui.o(i.ui_run_pic)
    _get_lc_numeric                          0x08008025   Thumb Code    44  lc_numeric_c.o(locale$$code)
    __aeabi_d2f                              0x08008051   Thumb Code     0  d2f.o(x$fpl$d2f)
    _d2f                                     0x08008051   Thumb Code    98  d2f.o(x$fpl$d2f)
    __aeabi_dadd                             0x080080b5   Thumb Code     0  daddsub_clz.o(x$fpl$dadd)
    _dadd                                    0x080080b5   Thumb Code   332  daddsub_clz.o(x$fpl$dadd)
    __fpl_dcheck_NaN1                        0x08008205   Thumb Code    10  dcheck1.o(x$fpl$dcheck1)
    __fpl_dcmp_Inf                           0x08008215   Thumb Code    24  dcmpi.o(x$fpl$dcmpinf)
    __aeabi_ddiv                             0x0800822d   Thumb Code     0  ddiv.o(x$fpl$ddiv)
    _ddiv                                    0x0800822d   Thumb Code   552  ddiv.o(x$fpl$ddiv)
    __aeabi_cdcmpeq                          0x080084dd   Thumb Code     0  deqf.o(x$fpl$deqf)
    _dcmpeq                                  0x080084dd   Thumb Code   120  deqf.o(x$fpl$deqf)
    __aeabi_i2d                              0x08008555   Thumb Code     0  dflt_clz.o(x$fpl$dflt)
    _dflt                                    0x08008555   Thumb Code    46  dflt_clz.o(x$fpl$dflt)
    __aeabi_dmul                             0x08008585   Thumb Code     0  dmul.o(x$fpl$dmul)
    _dmul                                    0x08008585   Thumb Code   332  dmul.o(x$fpl$dmul)
    __fpl_dnaninf                            0x080086d9   Thumb Code   156  dnaninf.o(x$fpl$dnaninf)
    __fpl_dretinf                            0x08008775   Thumb Code    12  dretinf.o(x$fpl$dretinf)
    __aeabi_drsub                            0x08008781   Thumb Code     0  daddsub_clz.o(x$fpl$drsb)
    _drsb                                    0x08008781   Thumb Code    22  daddsub_clz.o(x$fpl$drsb)
    _dsqrt                                   0x08008799   Thumb Code   456  dsqrt_noumaal.o(x$fpl$dsqrt)
    __aeabi_dsub                             0x08008965   Thumb Code     0  daddsub_clz.o(x$fpl$dsub)
    _dsub                                    0x08008965   Thumb Code   464  daddsub_clz.o(x$fpl$dsub)
    __aeabi_f2d                              0x08008b39   Thumb Code     0  f2d.o(x$fpl$f2d)
    _f2d                                     0x08008b39   Thumb Code    86  f2d.o(x$fpl$f2d)
    __aeabi_fadd                             0x08008b91   Thumb Code     0  faddsub_clz.o(x$fpl$fadd)
    _fadd                                    0x08008b91   Thumb Code   196  faddsub_clz.o(x$fpl$fadd)
    __fpl_fcheck_NaN1                        0x08008c55   Thumb Code     6  fcheck1.o(x$fpl$fcheck1)
    __aeabi_fdiv                             0x08008c61   Thumb Code     0  fdiv.o(x$fpl$fdiv)
    _fdiv                                    0x08008c61   Thumb Code   384  fdiv.o(x$fpl$fdiv)
    __aeabi_f2iz                             0x08008de5   Thumb Code     0  ffix.o(x$fpl$ffix)
    _ffix                                    0x08008de5   Thumb Code    54  ffix.o(x$fpl$ffix)
    __aeabi_f2uiz                            0x08008e1d   Thumb Code     0  ffixu.o(x$fpl$ffixu)
    _ffixu                                   0x08008e1d   Thumb Code    62  ffixu.o(x$fpl$ffixu)
    __aeabi_i2f                              0x08008e5d   Thumb Code     0  fflt_clz.o(x$fpl$fflt)
    _fflt                                    0x08008e5d   Thumb Code    48  fflt_clz.o(x$fpl$fflt)
    __aeabi_ui2f                             0x08008e8d   Thumb Code     0  fflt_clz.o(x$fpl$ffltu)
    _ffltu                                   0x08008e8d   Thumb Code    38  fflt_clz.o(x$fpl$ffltu)
    __aeabi_fmul                             0x08008eb5   Thumb Code     0  fmul.o(x$fpl$fmul)
    _fmul                                    0x08008eb5   Thumb Code   258  fmul.o(x$fpl$fmul)
    __fpl_fnaninf                            0x08008fb7   Thumb Code   140  fnaninf.o(x$fpl$fnaninf)
    __fpl_fretinf                            0x08009043   Thumb Code    10  fretinf.o(x$fpl$fretinf)
    __aeabi_fsub                             0x0800904d   Thumb Code     0  faddsub_clz.o(x$fpl$fsub)
    _fsub                                    0x0800904d   Thumb Code   234  faddsub_clz.o(x$fpl$fsub)
    _printf_fp_dec                           0x08009137   Thumb Code     4  printf1.o(x$fpl$printf1)
    __fpl_return_NaN                         0x0800913b   Thumb Code   100  retnan.o(x$fpl$retnan)
    __ARM_scalbn                             0x0800919f   Thumb Code    92  scalbn.o(x$fpl$scalbn)
    __ARM_scalbnf                            0x080091fb   Thumb Code    76  scalbnf.o(x$fpl$scalbnf)
    __fpl_cmpreturn                          0x08009247   Thumb Code    48  trapv.o(x$fpl$trapveneer)
    __I$use$fp                               0x08009276   Number         0  usenofp.o(x$fpl$usenofp)
    dianzan                                  0x08009276   Data         175  ui_bmp_data.o(.constdata)
    shoucang                                 0x08009325   Data         185  ui_bmp_data.o(.constdata)
    toubi                                    0x080093de   Data         180  ui_bmp_data.o(.constdata)
    cat0                                     0x08009492   Data        1025  ui_bmp_data.o(.constdata)
    cat1                                     0x08009893   Data        1025  ui_bmp_data.o(.constdata)
    cat2                                     0x08009c94   Data        1025  ui_bmp_data.o(.constdata)
    cat3                                     0x0800a095   Data        1025  ui_bmp_data.o(.constdata)
    cat4                                     0x0800a496   Data        1025  ui_bmp_data.o(.constdata)
    cat5                                     0x0800a897   Data        1025  ui_bmp_data.o(.constdata)
    cat_logo                                 0x0800ac98   Data         181  ui_bmp_data.o(.constdata)
    picture_logo                             0x0800ad4d   Data         181  ui_bmp_data.o(.constdata)
    setting_logo                             0x0800ae02   Data         181  ui_bmp_data.o(.constdata)
    reg                                      0x0800aeb7   Data          27  inv_mpu.o(.constdata)
    hw                                       0x0800aed2   Data          12  inv_mpu.o(.constdata)
    test                                     0x0800aee0   Data          40  inv_mpu.o(.constdata)
    u8g2_font_t0_11_mf                       0x0800bafe   Data        2301  u8g2_fonts.o(.constdata)
    u8g2_font_t0_12_mf                       0x0800c3fb   Data        2301  u8g2_fonts.o(.constdata)
    u8g2_font_t0_15_mf                       0x0800ccf8   Data        3315  u8g2_fonts.o(.constdata)
    u8g2_font_unifont_t_symbols              0x0800d9eb   Data        8906  u8g2_fonts.o(.constdata)
    u8g2_font_wqy15_t_chinese1               0x0800fcb5   Data       12246  u8g2_fonts.o(.constdata)
    u8g2_font_helvB12_tf                     0x08012c8b   Data        3275  u8g2_fonts.o(.constdata)
    u8g2_cb_r0                               0x08013958   Data          12  u8g2_setup.o(.constdata)
    __mathlib_zero                           0x08013bb8   Data           8  qnan.o(.constdata)
    Region$$Table$$Base                      0x08013ce0   Number         0  anon$$obj.o(Region$$Table)
    Region$$Table$$Limit                     0x08013d00   Number         0  anon$$obj.o(Region$$Table)
    USART_RX_STA                             0x20000014   Data           2  usart.o(.data)
    __stdout                                 0x20000018   Data           4  usart.o(.data)
    ui_select                                0x2000001c   Data           1  ui.o(.data)
    y_select                                 0x2000001d   Data           1  ui.o(.data)
    ui_index                                 0x2000001e   Data           1  ui.o(.data)
    ui_state                                 0x2000001f   Data           1  ui.o(.data)
    setting_x                                0x20000020   Data           1  ui.o(.data)
    setting_x_trg                            0x20000021   Data           1  ui.o(.data)
    setting_y                                0x20000022   Data           1  ui.o(.data)
    setting_y_trg                            0x20000023   Data           1  ui.o(.data)
    Indic_y                                  0x20000024   Data           1  ui.o(.data)
    Indic_y_trg                              0x20000025   Data           1  ui.o(.data)
    Indic_x                                  0x20000026   Data           1  ui.o(.data)
    Indic_x_trg                              0x20000027   Data           1  ui.o(.data)
    Indic_vertical_x                         0x20000028   Data           1  ui.o(.data)
    Indic_vertical_x_trg                     0x20000029   Data           1  ui.o(.data)
    Indic_vertical_y                         0x2000002a   Data           1  ui.o(.data)
    Indic_vertical_y_trg                     0x2000002b   Data           1  ui.o(.data)
    Indic_Horizental_x                       0x2000002c   Data           1  ui.o(.data)
    Indic_Horizental_x_trg                   0x2000002d   Data           1  ui.o(.data)
    Indic_Horizental_y                       0x2000002e   Data           1  ui.o(.data)
    Indic_Horizental_y_trg                   0x2000002f   Data           1  ui.o(.data)
    flag                                     0x20000030   Data           1  ui.o(.data)
    MenuprocFirstEnterFlag                   0x20000031   Data           1  ui.o(.data)
    PicprocFirstEnterFlag                    0x20000032   Data           1  ui.o(.data)
    SettingFirstEnterFlag                    0x20000033   Data           1  ui.o(.data)
    led0flag                                 0x20000034   Data           1  ui.o(.data)
    led1flag                                 0x20000035   Data           1  ui.o(.data)
    led2flag                                 0x20000036   Data           1  ui.o(.data)
    led3flag                                 0x20000037   Data           1  ui.o(.data)
    LedprocFirstEnterFlag                    0x20000038   Data           1  ui.o(.data)
    AdvalueprocFirstEnterFlag                0x20000039   Data           1  ui.o(.data)
    CatprocFirstEnterFlag                    0x2000003a   Data           1  ui.o(.data)
    ROCK1_AD_X_HighByte                      0x2000004f   Data           1  ui.o(.data)
    ROCK1_AD_X_LowByte                       0x20000050   Data           1  ui.o(.data)
    ROCK1_AD_Y_HighByte                      0x20000051   Data           1  ui.o(.data)
    ROCK1_AD_Y_LowByte                       0x20000052   Data           1  ui.o(.data)
    ROCK2_AD_X_HighByte                      0x20000053   Data           1  ui.o(.data)
    ROCK2_AD_X_LowByte                       0x20000054   Data           1  ui.o(.data)
    ROCK2_AD_Y_HighByte                      0x20000055   Data           1  ui.o(.data)
    ROCK2_AD_Y_LowByte                       0x20000056   Data           1  ui.o(.data)
    menu_x                                   0x20000057   Data           1  ui.o(.data)
    menu_x_trg                               0x20000058   Data           1  ui.o(.data)
    menu_y                                   0x20000059   Data           1  ui.o(.data)
    menu_y_trg                               0x2000005a   Data           1  ui.o(.data)
    cat_run_x                                0x2000005b   Data           1  ui.o(.data)
    cat_run_x_trg                            0x2000005c   Data           1  ui.o(.data)
    cat_run_y                                0x2000005d   Data           1  ui.o(.data)
    cat_run_y_trg                            0x2000005e   Data           1  ui.o(.data)
    frame_len                                0x2000005f   Data           1  ui.o(.data)
    frame_len_trg                            0x20000060   Data           1  ui.o(.data)
    frame_y                                  0x20000061   Data           1  ui.o(.data)
    frame_y_trg                              0x20000062   Data           1  ui.o(.data)
    backtoseeting                            0x20000063   Data           1  ui.o(.data)
    aacx                                     0x20000064   Data           2  ui.o(.data)
    aacy                                     0x20000066   Data           2  ui.o(.data)
    aacz                                     0x20000068   Data           2  ui.o(.data)
    gyrox                                    0x2000006a   Data           2  ui.o(.data)
    gyroy                                    0x2000006c   Data           2  ui.o(.data)
    gyroz                                    0x2000006e   Data           2  ui.o(.data)
    temp                                     0x20000070   Data           2  ui.o(.data)
    ROCK1_AD_X                               0x20000072   Data           2  ui.o(.data)
    ROCK1_AD_Y                               0x20000074   Data           2  ui.o(.data)
    ROCK2_AD_X                               0x20000076   Data           2  ui.o(.data)
    ROCK2_AD_Y                               0x20000078   Data           2  ui.o(.data)
    BAT_AD_VALUE                             0x2000007a   Data           2  ui.o(.data)
    pitch                                    0x2000007c   Data           4  ui.o(.data)
    roll                                     0x20000080   Data           4  ui.o(.data)
    yaw                                      0x20000084   Data           4  ui.o(.data)
    pic_y                                    0x20000088   Data           4  ui.o(.data)
    pic_y_trg                                0x2000008c   Data           4  ui.o(.data)
    list                                     0x20000090   Data          48  ui.o(.data)
    ui_list                                  0x200000c0   Data          72  ui.o(.data)
    Key_Num                                  0x20000110   Data           1  mykey.o(.data)
    LED0_Mode                                0x20000118   Data           1  myled.o(.data)
    LED1_Mode                                0x20000119   Data           1  myled.o(.data)
    LED2_Mode                                0x2000011a   Data           1  myled.o(.data)
    LED3_Mode                                0x2000011b   Data           1  myled.o(.data)
    LED4_Mode                                0x2000011c   Data           1  myled.o(.data)
    LED5_Mode                                0x2000011d   Data           1  myled.o(.data)
    LED6_Mode                                0x2000011e   Data           1  myled.o(.data)
    LED7_Mode                                0x2000011f   Data           1  myled.o(.data)
    BUZZER_Mode                              0x20000120   Data           1  myled.o(.data)
    LED0_Count                               0x20000122   Data           2  myled.o(.data)
    LED1_Count                               0x20000124   Data           2  myled.o(.data)
    LED2_Count                               0x20000126   Data           2  myled.o(.data)
    LED3_Count                               0x20000128   Data           2  myled.o(.data)
    LED4_Count                               0x2000012a   Data           2  myled.o(.data)
    LED5_Count                               0x2000012c   Data           2  myled.o(.data)
    LED6_Count                               0x2000012e   Data           2  myled.o(.data)
    LED7_Count                               0x20000130   Data           2  myled.o(.data)
    BUZZER_Count                             0x20000132   Data           2  myled.o(.data)
    keynum                                   0x2000016f   Data           1  main.o(.data)
    USART_RX_BUF                             0x20000170   Data         200  usart.o(.bss)
    u8g2                                     0x20000668   Data         148  main.o(.bss)
    __libspace_start                         0x200006fc   Data          96  libspace.o(.bss)
    __temporary_stack_top$libspace           0x2000075c   Data           0  libspace.o(.bss)



==============================================================================

Memory Map of the image

  Image Entry point : 0x080000ed

  Load Region LR_IROM1 (Base: 0x08000000, Size: 0x00013e8c, Max: 0x00020000, ABSOLUTE, COMPRESSED[0x00013d9c])

    Execution Region ER_IROM1 (Exec base: 0x08000000, Load base: 0x08000000, Size: 0x00013d1c, Max: 0x00020000, ABSOLUTE)

    Exec Addr    Load Addr    Size         Type   Attr      Idx    E Section Name        Object

    0x08000000   0x08000000   0x000000ec   Data   RO            3    RESET               startup_stm32f10x_md.o
    0x080000ec   0x080000ec   0x00000008   Code   RO         9254  * !!!main             c_w.l(__main.o)
    0x080000f4   0x080000f4   0x00000034   Code   RO         9628    !!!scatter          c_w.l(__scatter.o)
    0x08000128   0x08000128   0x0000005a   Code   RO         9626    !!dczerorl2         c_w.l(__dczerorl2.o)
    0x08000182   0x08000182   0x00000002   PAD
    0x08000184   0x08000184   0x0000001c   Code   RO         9630    !!handler_zi        c_w.l(__scatter_zi.o)
    0x080001a0   0x080001a0   0x00000000   Code   RO         9243    .ARM.Collect$$_printf_percent$$00000000  c_w.l(_printf_percent.o)
    0x080001a0   0x080001a0   0x00000006   Code   RO         9242    .ARM.Collect$$_printf_percent$$00000003  c_w.l(_printf_f.o)
    0x080001a6   0x080001a6   0x00000006   Code   RO         9241    .ARM.Collect$$_printf_percent$$00000009  c_w.l(_printf_d.o)
    0x080001ac   0x080001ac   0x00000004   Code   RO         9347    .ARM.Collect$$_printf_percent$$00000017  c_w.l(_printf_percent_end.o)
    0x080001b0   0x080001b0   0x00000002   Code   RO         9495    .ARM.Collect$$libinit$$00000000  c_w.l(libinit.o)
    0x080001b2   0x080001b2   0x00000000   Code   RO         9497    .ARM.Collect$$libinit$$00000002  c_w.l(libinit2.o)
    0x080001b2   0x080001b2   0x00000000   Code   RO         9499    .ARM.Collect$$libinit$$00000004  c_w.l(libinit2.o)
    0x080001b2   0x080001b2   0x00000000   Code   RO         9502    .ARM.Collect$$libinit$$0000000A  c_w.l(libinit2.o)
    0x080001b2   0x080001b2   0x00000000   Code   RO         9504    .ARM.Collect$$libinit$$0000000C  c_w.l(libinit2.o)
    0x080001b2   0x080001b2   0x00000000   Code   RO         9506    .ARM.Collect$$libinit$$0000000E  c_w.l(libinit2.o)
    0x080001b2   0x080001b2   0x00000006   Code   RO         9507    .ARM.Collect$$libinit$$0000000F  c_w.l(libinit2.o)
    0x080001b8   0x080001b8   0x00000000   Code   RO         9509    .ARM.Collect$$libinit$$00000011  c_w.l(libinit2.o)
    0x080001b8   0x080001b8   0x00000000   Code   RO         9511    .ARM.Collect$$libinit$$00000013  c_w.l(libinit2.o)
    0x080001b8   0x080001b8   0x00000000   Code   RO         9513    .ARM.Collect$$libinit$$00000015  c_w.l(libinit2.o)
    0x080001b8   0x080001b8   0x0000000a   Code   RO         9514    .ARM.Collect$$libinit$$00000016  c_w.l(libinit2.o)
    0x080001c2   0x080001c2   0x00000000   Code   RO         9515    .ARM.Collect$$libinit$$00000017  c_w.l(libinit2.o)
    0x080001c2   0x080001c2   0x00000000   Code   RO         9517    .ARM.Collect$$libinit$$00000019  c_w.l(libinit2.o)
    0x080001c2   0x080001c2   0x00000000   Code   RO         9519    .ARM.Collect$$libinit$$0000001B  c_w.l(libinit2.o)
    0x080001c2   0x080001c2   0x00000000   Code   RO         9521    .ARM.Collect$$libinit$$0000001D  c_w.l(libinit2.o)
    0x080001c2   0x080001c2   0x00000000   Code   RO         9523    .ARM.Collect$$libinit$$0000001F  c_w.l(libinit2.o)
    0x080001c2   0x080001c2   0x00000000   Code   RO         9525    .ARM.Collect$$libinit$$00000021  c_w.l(libinit2.o)
    0x080001c2   0x080001c2   0x00000000   Code   RO         9527    .ARM.Collect$$libinit$$00000023  c_w.l(libinit2.o)
    0x080001c2   0x080001c2   0x00000000   Code   RO         9529    .ARM.Collect$$libinit$$00000025  c_w.l(libinit2.o)
    0x080001c2   0x080001c2   0x00000000   Code   RO         9533    .ARM.Collect$$libinit$$0000002C  c_w.l(libinit2.o)
    0x080001c2   0x080001c2   0x00000000   Code   RO         9535    .ARM.Collect$$libinit$$0000002E  c_w.l(libinit2.o)
    0x080001c2   0x080001c2   0x00000000   Code   RO         9537    .ARM.Collect$$libinit$$00000030  c_w.l(libinit2.o)
    0x080001c2   0x080001c2   0x00000000   Code   RO         9539    .ARM.Collect$$libinit$$00000032  c_w.l(libinit2.o)
    0x080001c2   0x080001c2   0x00000002   Code   RO         9540    .ARM.Collect$$libinit$$00000033  c_w.l(libinit2.o)
    0x080001c4   0x080001c4   0x00000002   Code   RO         9584    .ARM.Collect$$libshutdown$$00000000  c_w.l(libshutdown.o)
    0x080001c6   0x080001c6   0x00000000   Code   RO         9593    .ARM.Collect$$libshutdown$$00000002  c_w.l(libshutdown2.o)
    0x080001c6   0x080001c6   0x00000000   Code   RO         9595    .ARM.Collect$$libshutdown$$00000004  c_w.l(libshutdown2.o)
    0x080001c6   0x080001c6   0x00000000   Code   RO         9597    .ARM.Collect$$libshutdown$$00000006  c_w.l(libshutdown2.o)
    0x080001c6   0x080001c6   0x00000000   Code   RO         9600    .ARM.Collect$$libshutdown$$00000009  c_w.l(libshutdown2.o)
    0x080001c6   0x080001c6   0x00000000   Code   RO         9603    .ARM.Collect$$libshutdown$$0000000C  c_w.l(libshutdown2.o)
    0x080001c6   0x080001c6   0x00000000   Code   RO         9605    .ARM.Collect$$libshutdown$$0000000E  c_w.l(libshutdown2.o)
    0x080001c6   0x080001c6   0x00000000   Code   RO         9608    .ARM.Collect$$libshutdown$$00000011  c_w.l(libshutdown2.o)
    0x080001c6   0x080001c6   0x00000002   Code   RO         9609    .ARM.Collect$$libshutdown$$00000012  c_w.l(libshutdown2.o)
    0x080001c8   0x080001c8   0x00000000   Code   RO         9332    .ARM.Collect$$rtentry$$00000000  c_w.l(__rtentry.o)
    0x080001c8   0x080001c8   0x00000000   Code   RO         9401    .ARM.Collect$$rtentry$$00000002  c_w.l(__rtentry2.o)
    0x080001c8   0x080001c8   0x00000006   Code   RO         9413    .ARM.Collect$$rtentry$$00000004  c_w.l(__rtentry4.o)
    0x080001ce   0x080001ce   0x00000000   Code   RO         9403    .ARM.Collect$$rtentry$$00000009  c_w.l(__rtentry2.o)
    0x080001ce   0x080001ce   0x00000004   Code   RO         9404    .ARM.Collect$$rtentry$$0000000A  c_w.l(__rtentry2.o)
    0x080001d2   0x080001d2   0x00000000   Code   RO         9406    .ARM.Collect$$rtentry$$0000000C  c_w.l(__rtentry2.o)
    0x080001d2   0x080001d2   0x00000008   Code   RO         9407    .ARM.Collect$$rtentry$$0000000D  c_w.l(__rtentry2.o)
    0x080001da   0x080001da   0x00000002   Code   RO         9543    .ARM.Collect$$rtexit$$00000000  c_w.l(rtexit.o)
    0x080001dc   0x080001dc   0x00000000   Code   RO         9554    .ARM.Collect$$rtexit$$00000002  c_w.l(rtexit2.o)
    0x080001dc   0x080001dc   0x00000004   Code   RO         9555    .ARM.Collect$$rtexit$$00000003  c_w.l(rtexit2.o)
    0x080001e0   0x080001e0   0x00000006   Code   RO         9556    .ARM.Collect$$rtexit$$00000004  c_w.l(rtexit2.o)
    0x080001e6   0x080001e6   0x00000002   PAD
    0x080001e8   0x080001e8   0x00000040   Code   RO            4    .text               startup_stm32f10x_md.o
    0x08000228   0x08000228   0x00000002   Code   RO         9181    .text               c_w.l(use_no_semi_2.o)
    0x0800022a   0x0800022a   0x00000048   Code   RO         9183    .text               c_w.l(llsdiv.o)
    0x08000272   0x08000272   0x00000002   PAD
    0x08000274   0x08000274   0x00000018   Code   RO         9189    .text               c_w.l(noretval__2printf.o)
    0x0800028c   0x0800028c   0x00000028   Code   RO         9191    .text               c_w.l(noretval__2sprintf.o)
    0x080002b4   0x080002b4   0x0000004e   Code   RO         9195    .text               c_w.l(_printf_pad.o)
    0x08000302   0x08000302   0x00000002   PAD
    0x08000304   0x08000304   0x00000078   Code   RO         9197    .text               c_w.l(_printf_dec.o)
    0x0800037c   0x0800037c   0x00000138   Code   RO         9232    .text               c_w.l(__printf_flags_wp.o)
    0x080004b4   0x080004b4   0x00000058   Code   RO         9244    .text               c_w.l(memcmp.o)
    0x0800050c   0x0800050c   0x00000010   Code   RO         9246    .text               c_w.l(aeabi_memset.o)
    0x0800051c   0x0800051c   0x00000044   Code   RO         9248    .text               c_w.l(rt_memclr.o)
    0x08000560   0x08000560   0x0000004e   Code   RO         9250    .text               c_w.l(rt_memclr_w.o)
    0x080005ae   0x080005ae   0x00000006   Code   RO         9252    .text               c_w.l(heapauxi.o)
    0x080005b4   0x080005b4   0x00000002   Code   RO         9330    .text               c_w.l(use_no_semi.o)
    0x080005b6   0x080005b6   0x000000ee   Code   RO         9333    .text               c_w.l(lludivv7m.o)
    0x080006a4   0x080006a4   0x00000016   Code   RO         9335    .text               c_w.l(_rserrno.o)
    0x080006ba   0x080006ba   0x000000b2   Code   RO         9337    .text               c_w.l(_printf_intcommon.o)
    0x0800076c   0x0800076c   0x0000041e   Code   RO         9339    .text               c_w.l(_printf_fp_dec.o)
    0x08000b8a   0x08000b8a   0x00000002   PAD
    0x08000b8c   0x08000b8c   0x00000030   Code   RO         9341    .text               c_w.l(_printf_char_common.o)
    0x08000bbc   0x08000bbc   0x0000000a   Code   RO         9343    .text               c_w.l(_sputc.o)
    0x08000bc6   0x08000bc6   0x00000002   PAD
    0x08000bc8   0x08000bc8   0x00000024   Code   RO         9345    .text               c_w.l(_printf_char_file.o)
    0x08000bec   0x08000bec   0x00000008   Code   RO         9422    .text               c_w.l(rt_locale_intlibspace.o)
    0x08000bf4   0x08000bf4   0x00000008   Code   RO         9427    .text               c_w.l(rt_errno_addr_intlibspace.o)
    0x08000bfc   0x08000bfc   0x0000008a   Code   RO         9429    .text               c_w.l(lludiv10.o)
    0x08000c86   0x08000c86   0x00000002   PAD
    0x08000c88   0x08000c88   0x00000080   Code   RO         9431    .text               c_w.l(_printf_fp_infnan.o)
    0x08000d08   0x08000d08   0x000000e4   Code   RO         9435    .text               c_w.l(bigflt0.o)
    0x08000dec   0x08000dec   0x00000008   Code   RO         9460    .text               c_w.l(ferror.o)
    0x08000df4   0x08000df4   0x00000008   Code   RO         9479    .text               c_w.l(libspace.o)
    0x08000dfc   0x08000dfc   0x0000004a   Code   RO         9482    .text               c_w.l(sys_stackheap_outer.o)
    0x08000e46   0x08000e46   0x00000012   Code   RO         9486    .text               c_w.l(exit.o)
    0x08000e58   0x08000e58   0x00000080   Code   RO         9488    .text               c_w.l(strcmpv7m.o)
    0x08000ed8   0x08000ed8   0x0000003e   Code   RO         9438    CL$$btod_d2e        c_w.l(btod.o)
    0x08000f16   0x08000f16   0x00000046   Code   RO         9440    CL$$btod_d2e_denorm_low  c_w.l(btod.o)
    0x08000f5c   0x08000f5c   0x00000060   Code   RO         9439    CL$$btod_d2e_norm_op1  c_w.l(btod.o)
    0x08000fbc   0x08000fbc   0x00000338   Code   RO         9448    CL$$btod_div_common  c_w.l(btod.o)
    0x080012f4   0x080012f4   0x000000dc   Code   RO         9445    CL$$btod_e2e        c_w.l(btod.o)
    0x080013d0   0x080013d0   0x0000002a   Code   RO         9442    CL$$btod_ediv       c_w.l(btod.o)
    0x080013fa   0x080013fa   0x0000002a   Code   RO         9441    CL$$btod_emul       c_w.l(btod.o)
    0x08001424   0x08001424   0x00000244   Code   RO         9447    CL$$btod_mult_common  c_w.l(btod.o)
    0x08001668   0x08001668   0x00000014   Code   RO          197    i.ADC_Cmd           stm32f10x_adc.o
    0x0800167c   0x0800167c   0x0000000e   Code   RO          205    i.ADC_GetCalibrationStatus  stm32f10x_adc.o
    0x0800168a   0x0800168a   0x00000006   Code   RO          206    i.ADC_GetConversionValue  stm32f10x_adc.o
    0x08001690   0x08001690   0x0000000e   Code   RO          208    i.ADC_GetFlagStatus  stm32f10x_adc.o
    0x0800169e   0x0800169e   0x0000000e   Code   RO          211    i.ADC_GetResetCalibrationStatus  stm32f10x_adc.o
    0x080016ac   0x080016ac   0x00000048   Code   RO          215    i.ADC_Init          stm32f10x_adc.o
    0x080016f4   0x080016f4   0x00000074   Code   RO          219    i.ADC_RegularChannelConfig  stm32f10x_adc.o
    0x08001768   0x08001768   0x0000000a   Code   RO          220    i.ADC_ResetCalibration  stm32f10x_adc.o
    0x08001772   0x08001772   0x00000014   Code   RO          222    i.ADC_SoftwareStartConvCmd  stm32f10x_adc.o
    0x08001786   0x08001786   0x0000000a   Code   RO          224    i.ADC_StartCalibration  stm32f10x_adc.o
    0x08001790   0x08001790   0x00000034   Code   RO         3725    i.AD_GetValue       ad.o
    0x080017c4   0x080017c4   0x000000bc   Code   RO         3726    i.AD_Init           ad.o
    0x08001880   0x08001880   0x00000020   Code   RO         3675    i.BUZZER_SetState   myled.o
    0x080018a0   0x080018a0   0x00000002   Code   RO         9116    i.BusFault_Handler  stm32f10x_it.o
    0x080018a2   0x080018a2   0x00000002   Code   RO         9117    i.DebugMon_Handler  stm32f10x_it.o
    0x080018a4   0x080018a4   0x00000016   Code   RO         3173    i.Delay_ms          delay.o
    0x080018ba   0x080018ba   0x00000020   Code   RO         3175    i.Delay_us          delay.o
    0x080018da   0x080018da   0x00000002   PAD
    0x080018dc   0x080018dc   0x000000a2   Code   RO         1340    i.GPIO_Init         stm32f10x_gpio.o
    0x0800197e   0x0800197e   0x00000002   PAD
    0x08001980   0x08001980   0x00000058   Code   RO         1342    i.GPIO_PinRemapConfig  stm32f10x_gpio.o
    0x080019d8   0x080019d8   0x0000000e   Code   RO         1344    i.GPIO_ReadInputDataBit  stm32f10x_gpio.o
    0x080019e6   0x080019e6   0x00000004   Code   RO         1347    i.GPIO_ResetBits    stm32f10x_gpio.o
    0x080019ea   0x080019ea   0x00000004   Code   RO         1348    i.GPIO_SetBits      stm32f10x_gpio.o
    0x080019ee   0x080019ee   0x00000002   Code   RO         9118    i.HardFault_Handler  stm32f10x_it.o
    0x080019f0   0x080019f0   0x00000018   Code   RO         1454    i.I2C_CheckEvent    stm32f10x_i2c.o
    0x08001a08   0x08001a08   0x00000014   Code   RO         1457    i.I2C_Cmd           stm32f10x_i2c.o
    0x08001a1c   0x08001a1c   0x00000014   Code   RO         1464    i.I2C_GenerateSTART  stm32f10x_i2c.o
    0x08001a30   0x08001a30   0x00000014   Code   RO         1465    i.I2C_GenerateSTOP  stm32f10x_i2c.o
    0x08001a44   0x08001a44   0x000000bc   Code   RO         1471    i.I2C_Init          stm32f10x_i2c.o
    0x08001b00   0x08001b00   0x00000010   Code   RO         1478    i.I2C_Send7bitAddress  stm32f10x_i2c.o
    0x08001b10   0x08001b10   0x00000004   Code   RO         1479    i.I2C_SendData      stm32f10x_i2c.o
    0x08001b14   0x08001b14   0x00000014   Code   RO         3641    i.Key_GetNum        mykey.o
    0x08001b28   0x08001b28   0x00000050   Code   RO         3642    i.Key_GetState      mykey.o
    0x08001b78   0x08001b78   0x00000134   Code   RO         3643    i.Key_Tick          mykey.o
    0x08001cac   0x08001cac   0x000003a4   Code   RO         3676    i.LED_Tick          myled.o
    0x08002050   0x08002050   0x0000007c   Code   RO         3677    i.LEDx_SetMode      myled.o
    0x080020cc   0x080020cc   0x000000a0   Code   RO         3678    i.LEDx_SetState     myled.o
    0x0800216c   0x0800216c   0x00000032   Code   RO         3798    i.MPU_Get_Accelerometer  mpu6050.o
    0x0800219e   0x0800219e   0x00000032   Code   RO         3799    i.MPU_Get_Gyroscope  mpu6050.o
    0x080021d0   0x080021d0   0x0000004c   Code   RO         3800    i.MPU_Get_Temperature  mpu6050.o
    0x0800221c   0x0800221c   0x00000040   Code   RO         3889    i.MPU_IIC_Ack       mpuiic.o
    0x0800225c   0x0800225c   0x00000038   Code   RO         3891    i.MPU_IIC_Init      mpuiic.o
    0x08002294   0x08002294   0x00000040   Code   RO         3892    i.MPU_IIC_NAck      mpuiic.o
    0x080022d4   0x080022d4   0x0000006c   Code   RO         3893    i.MPU_IIC_Read_Byte  mpuiic.o
    0x08002340   0x08002340   0x00000058   Code   RO         3894    i.MPU_IIC_Send_Byte  mpuiic.o
    0x08002398   0x08002398   0x00000040   Code   RO         3895    i.MPU_IIC_Start     mpuiic.o
    0x080023d8   0x080023d8   0x00000044   Code   RO         3896    i.MPU_IIC_Stop      mpuiic.o
    0x0800241c   0x0800241c   0x00000058   Code   RO         3897    i.MPU_IIC_Wait_Ack  mpuiic.o
    0x08002474   0x08002474   0x000000b4   Code   RO         3801    i.MPU_Init          mpu6050.o
    0x08002528   0x08002528   0x0000003a   Code   RO         3802    i.MPU_Read_Byte     mpu6050.o
    0x08002562   0x08002562   0x00000002   PAD
    0x08002564   0x08002564   0x0000006c   Code   RO         3803    i.MPU_Read_Len      mpu6050.o
    0x080025d0   0x080025d0   0x0000000a   Code   RO         3804    i.MPU_Set_Accel_Fsr  mpu6050.o
    0x080025da   0x080025da   0x0000000a   Code   RO         3805    i.MPU_Set_Gyro_Fsr  mpu6050.o
    0x080025e4   0x080025e4   0x00000030   Code   RO         3806    i.MPU_Set_LPF       mpu6050.o
    0x08002614   0x08002614   0x0000002e   Code   RO         3807    i.MPU_Set_Rate      mpu6050.o
    0x08002642   0x08002642   0x0000003c   Code   RO         3808    i.MPU_Write_Byte    mpu6050.o
    0x0800267e   0x0800267e   0x00000052   Code   RO         3809    i.MPU_Write_Len     mpu6050.o
    0x080026d0   0x080026d0   0x00000002   Code   RO         9119    i.MemManage_Handler  stm32f10x_it.o
    0x080026d2   0x080026d2   0x00000002   PAD
    0x080026d4   0x080026d4   0x00000078   Code   RO         3644    i.My_Key_Init       mykey.o
    0x0800274c   0x0800274c   0x00000070   Code   RO         3680    i.My_LED_Init       myled.o
    0x080027bc   0x080027bc   0x00000002   Code   RO         9120    i.NMI_Handler       stm32f10x_it.o
    0x080027be   0x080027be   0x00000002   PAD
    0x080027c0   0x080027c0   0x00000064   Code   RO          132    i.NVIC_Init         misc.o
    0x08002824   0x08002824   0x00000014   Code   RO          133    i.NVIC_PriorityGroupConfig  misc.o
    0x08002838   0x08002838   0x00000080   Code   RO         3238    i.OLED_Init         iic_oled.o
    0x080028b8   0x080028b8   0x0000001e   Code   RO         3239    i.Oled_I2C_WaitEvent  iic_oled.o
    0x080028d6   0x080028d6   0x00000002   Code   RO         9121    i.PendSV_Handler    stm32f10x_it.o
    0x080028d8   0x080028d8   0x0000002c   Code   RO         3372    i.PrintfVarFormat   ui.o
    0x08002904   0x08002904   0x00000038   Code   RO         3373    i.PrintfVarFormatFloat  ui.o
    0x0800293c   0x0800293c   0x00000014   Code   RO         1766    i.RCC_ADCCLKConfig  stm32f10x_rcc.o
    0x08002950   0x08002950   0x00000018   Code   RO         1768    i.RCC_APB1PeriphClockCmd  stm32f10x_rcc.o
    0x08002968   0x08002968   0x00000018   Code   RO         1770    i.RCC_APB2PeriphClockCmd  stm32f10x_rcc.o
    0x08002980   0x08002980   0x00000090   Code   RO         1778    i.RCC_GetClocksFreq  stm32f10x_rcc.o
    0x08002a10   0x08002a10   0x00000002   Code   RO         9122    i.SVC_Handler       stm32f10x_it.o
    0x08002a12   0x08002a12   0x00000002   PAD
    0x08002a14   0x08002a14   0x000000a8   Code   RO           24    i.SetSysClockTo72   system_stm32f10x.o
    0x08002abc   0x08002abc   0x00000002   Code   RO         9123    i.SysTick_Handler   stm32f10x_it.o
    0x08002abe   0x08002abe   0x00000002   PAD
    0x08002ac0   0x08002ac0   0x00000050   Code   RO           26    i.SystemInit        system_stm32f10x.o
    0x08002b10   0x08002b10   0x00000026   Code   RO         9065    i.TIM2_IRQHandler   main.o
    0x08002b36   0x08002b36   0x00000062   Code   RO         3314    i.TIM2_Int_Init     timer2.o
    0x08002b98   0x08002b98   0x00000024   Code   RO         3747    i.TIM3_IRQHandler   playmusic.o
    0x08002bbc   0x08002bbc   0x00000006   Code   RO         2405    i.TIM_ClearFlag     stm32f10x_tim.o
    0x08002bc2   0x08002bc2   0x00000006   Code   RO         2406    i.TIM_ClearITPendingBit  stm32f10x_tim.o
    0x08002bc8   0x08002bc8   0x00000014   Code   RO         2411    i.TIM_Cmd           stm32f10x_tim.o
    0x08002bdc   0x08002bdc   0x00000018   Code   RO         2432    i.TIM_GetITStatus   stm32f10x_tim.o
    0x08002bf4   0x08002bf4   0x00000010   Code   RO         2436    i.TIM_ITConfig      stm32f10x_tim.o
    0x08002c04   0x08002c04   0x0000009c   Code   RO         2482    i.TIM_TimeBaseInit  stm32f10x_tim.o
    0x08002ca0   0x08002ca0   0x00000064   Code   RO         3329    i.USART1_IRQHandler  usart.o
    0x08002d04   0x08002d04   0x00000014   Code   RO         2937    i.USART_Cmd         stm32f10x_usart.o
    0x08002d18   0x08002d18   0x0000003e   Code   RO         2941    i.USART_GetITStatus  stm32f10x_usart.o
    0x08002d56   0x08002d56   0x00000030   Code   RO         2943    i.USART_ITConfig    stm32f10x_usart.o
    0x08002d86   0x08002d86   0x00000002   PAD
    0x08002d88   0x08002d88   0x000000ac   Code   RO         2944    i.USART_Init        stm32f10x_usart.o
    0x08002e34   0x08002e34   0x00000008   Code   RO         2951    i.USART_ReceiveData  stm32f10x_usart.o
    0x08002e3c   0x08002e3c   0x00000002   Code   RO         9124    i.UsageFault_Handler  stm32f10x_it.o
    0x08002e3e   0x08002e3e   0x00000002   PAD
    0x08002e40   0x08002e40   0x0000006c   Code   RO         3748    i.Video_init        playmusic.o
    0x08002eac   0x08002eac   0x00000028   Code   RO         9387    i.__ARM_fpclassify  m_ws.l(fpclassify.o)
    0x08002ed4   0x08002ed4   0x000000aa   Code   RO         9389    i.__kernel_poly     m_ws.l(poly.o)
    0x08002f7e   0x08002f7e   0x00000006   Code   RO         9374    i.__mathlib_dbl_infnan  m_ws.l(dunder.o)
    0x08002f84   0x08002f84   0x00000004   Code   RO         9375    i.__mathlib_dbl_infnan2  m_ws.l(dunder.o)
    0x08002f88   0x08002f88   0x0000000c   Code   RO         9376    i.__mathlib_dbl_invalid  m_ws.l(dunder.o)
    0x08002f94   0x08002f94   0x00000010   Code   RO         9379    i.__mathlib_dbl_underflow  m_ws.l(dunder.o)
    0x08002fa4   0x08002fa4   0x0000000e   Code   RO         9230    i._is_digit         c_w.l(__printf_wp.o)
    0x08002fb2   0x08002fb2   0x00000002   Code   RO         3330    i._sys_exit         usart.o
    0x08002fb4   0x08002fb4   0x00000120   Code   RO         3374    i.about_proc        ui.o
    0x080030d4   0x080030d4   0x00000080   Code   RO         3949    i.accel_self_test   inv_mpu.o
    0x08003154   0x08003154   0x00000288   Code   RO         3375    i.advalue_proc      ui.o
    0x080033dc   0x080033dc   0x00000270   Code   RO         9313    i.asin              m_ws.l(asin.o)
    0x0800364c   0x0800364c   0x00000220   Code   RO         9364    i.atan              m_ws.l(atan.o)
    0x0800386c   0x0800386c   0x0000019c   Code   RO         9323    i.atan2             m_ws.l(atan2.o)
    0x08003a08   0x08003a08   0x0000014c   Code   RO         3376    i.bat_proc          ui.o
    0x08003b54   0x08003b54   0x0000022c   Code   RO         3377    i.cat_proc          ui.o
    0x08003d80   0x08003d80   0x000000d8   Code   RO         3378    i.checkRock1AdX_add  ui.o
    0x08003e58   0x08003e58   0x000000d0   Code   RO         3379    i.checkRock1AdX_dec  ui.o
    0x08003f28   0x08003f28   0x0000003a   Code   RO         4285    i.dmp_enable_6x_lp_quat  inv_mpu_dmp_motion_driver.o
    0x08003f62   0x08003f62   0x00000002   PAD
    0x08003f64   0x08003f64   0x000001d8   Code   RO         4286    i.dmp_enable_feature  inv_mpu_dmp_motion_driver.o
    0x0800413c   0x0800413c   0x0000003c   Code   RO         4287    i.dmp_enable_gyro_cal  inv_mpu_dmp_motion_driver.o
    0x08004178   0x08004178   0x0000003a   Code   RO         4288    i.dmp_enable_lp_quat  inv_mpu_dmp_motion_driver.o
    0x080041b2   0x080041b2   0x00000002   PAD
    0x080041b4   0x080041b4   0x00000014   Code   RO         4293    i.dmp_load_motion_driver_firmware  inv_mpu_dmp_motion_driver.o
    0x080041c8   0x080041c8   0x00000164   Code   RO         4294    i.dmp_read_fifo     inv_mpu_dmp_motion_driver.o
    0x0800432c   0x0800432c   0x000000d8   Code   RO         4297    i.dmp_set_accel_bias  inv_mpu_dmp_motion_driver.o
    0x08004404   0x08004404   0x00000064   Code   RO         4298    i.dmp_set_fifo_rate  inv_mpu_dmp_motion_driver.o
    0x08004468   0x08004468   0x000000cc   Code   RO         4299    i.dmp_set_gyro_bias  inv_mpu_dmp_motion_driver.o
    0x08004534   0x08004534   0x0000010c   Code   RO         4301    i.dmp_set_orientation  inv_mpu_dmp_motion_driver.o
    0x08004640   0x08004640   0x00000030   Code   RO         4304    i.dmp_set_shake_reject_thresh  inv_mpu_dmp_motion_driver.o
    0x08004670   0x08004670   0x00000020   Code   RO         4305    i.dmp_set_shake_reject_time  inv_mpu_dmp_motion_driver.o
    0x08004690   0x08004690   0x00000020   Code   RO         4306    i.dmp_set_shake_reject_timeout  inv_mpu_dmp_motion_driver.o
    0x080046b0   0x080046b0   0x00000040   Code   RO         4307    i.dmp_set_tap_axes  inv_mpu_dmp_motion_driver.o
    0x080046f0   0x080046f0   0x00000022   Code   RO         4308    i.dmp_set_tap_count  inv_mpu_dmp_motion_driver.o
    0x08004712   0x08004712   0x00000002   PAD
    0x08004714   0x08004714   0x00000128   Code   RO         4309    i.dmp_set_tap_thresh  inv_mpu_dmp_motion_driver.o
    0x0800483c   0x0800483c   0x00000020   Code   RO         4310    i.dmp_set_tap_time  inv_mpu_dmp_motion_driver.o
    0x0800485c   0x0800485c   0x00000020   Code   RO         4311    i.dmp_set_tap_time_multi  inv_mpu_dmp_motion_driver.o
    0x0800487c   0x0800487c   0x00000018   Code   RO         3331    i.fputc             usart.o
    0x08004894   0x08004894   0x000000ac   Code   RO         3950    i.get_accel_prod_shift  inv_mpu.o
    0x08004940   0x08004940   0x00000314   Code   RO         3951    i.get_st_biases     inv_mpu.o
    0x08004c54   0x08004c54   0x000000d4   Code   RO         3952    i.gyro_self_test    inv_mpu.o
    0x08004d28   0x08004d28   0x00000022   Code   RO         3953    i.inv_orientation_matrix_to_scalar  inv_mpu.o
    0x08004d4a   0x08004d4a   0x00000048   Code   RO         3954    i.inv_row_2_scale   inv_mpu.o
    0x08004d92   0x08004d92   0x00000002   PAD
    0x08004d94   0x08004d94   0x000003d8   Code   RO         3383    i.led_proc          ui.o
    0x0800516c   0x0800516c   0x000000d4   Code   RO         9066    i.main              main.o
    0x08005240   0x08005240   0x000000c0   Code   RO         3385    i.menu_ui_show      ui.o
    0x08005300   0x08005300   0x00000002   Code   RO         3955    i.mget_ms           inv_mpu.o
    0x08005302   0x08005302   0x00000002   PAD
    0x08005304   0x08005304   0x00000264   Code   RO         3386    i.mpu6050_proc      ui.o
    0x08005568   0x08005568   0x00000054   Code   RO         3956    i.mpu_configure_fifo  inv_mpu.o
    0x080055bc   0x080055bc   0x0000019c   Code   RO         3957    i.mpu_dmp_get_data  inv_mpu.o
    0x08005758   0x08005758   0x000000a4   Code   RO         3958    i.mpu_dmp_init      inv_mpu.o
    0x080057fc   0x080057fc   0x0000003c   Code   RO         3959    i.mpu_get_accel_fsr  inv_mpu.o
    0x08005838   0x08005838   0x00000044   Code   RO         3961    i.mpu_get_accel_sens  inv_mpu.o
    0x0800587c   0x0800587c   0x00000034   Code   RO         3967    i.mpu_get_gyro_fsr  inv_mpu.o
    0x080058b0   0x080058b0   0x00000040   Code   RO         3969    i.mpu_get_gyro_sens  inv_mpu.o
    0x080058f0   0x080058f0   0x00000038   Code   RO         3971    i.mpu_get_lpf       inv_mpu.o
    0x08005928   0x08005928   0x0000001c   Code   RO         3973    i.mpu_get_sample_rate  inv_mpu.o
    0x08005944   0x08005944   0x00000188   Code   RO         3975    i.mpu_init          inv_mpu.o
    0x08005acc   0x08005acc   0x000000a0   Code   RO         3976    i.mpu_load_firmware  inv_mpu.o
    0x08005b6c   0x08005b6c   0x000000b8   Code   RO         3977    i.mpu_lp_accel_mode  inv_mpu.o
    0x08005c24   0x08005c24   0x00000090   Code   RO         3980    i.mpu_read_fifo_stream  inv_mpu.o
    0x08005cb4   0x08005cb4   0x00000054   Code   RO         3981    i.mpu_read_mem      inv_mpu.o
    0x08005d08   0x08005d08   0x00000160   Code   RO         3984    i.mpu_reset_fifo    inv_mpu.o
    0x08005e68   0x08005e68   0x000000f0   Code   RO         3985    i.mpu_run_self_test  inv_mpu.o
    0x08005f58   0x08005f58   0x00000068   Code   RO         3987    i.mpu_set_accel_fsr  inv_mpu.o
    0x08005fc0   0x08005fc0   0x000000dc   Code   RO         3988    i.mpu_set_bypass    inv_mpu.o
    0x0800609c   0x0800609c   0x00000078   Code   RO         3990    i.mpu_set_dmp_state  inv_mpu.o
    0x08006114   0x08006114   0x0000006c   Code   RO         3991    i.mpu_set_gyro_fsr  inv_mpu.o
    0x08006180   0x08006180   0x00000064   Code   RO         3992    i.mpu_set_int_latched  inv_mpu.o
    0x080061e4   0x080061e4   0x0000006c   Code   RO         3994    i.mpu_set_lpf       inv_mpu.o
    0x08006250   0x08006250   0x00000080   Code   RO         3995    i.mpu_set_sample_rate  inv_mpu.o
    0x080062d0   0x080062d0   0x000000b8   Code   RO         3996    i.mpu_set_sensors   inv_mpu.o
    0x08006388   0x08006388   0x00000054   Code   RO         3997    i.mpu_write_mem     inv_mpu.o
    0x080063dc   0x080063dc   0x000001fc   Code   RO         3387    i.pic_proc          ui.o
    0x080065d8   0x080065d8   0x00000058   Code   RO         3388    i.pic_ui_show       ui.o
    0x08006630   0x08006630   0x00000080   Code   RO         3998    i.run_self_test     inv_mpu.o
    0x080066b0   0x080066b0   0x00000058   Code   RO         3999    i.set_int_enable    inv_mpu.o
    0x08006708   0x08006708   0x00000434   Code   RO         3389    i.setting_proc      ui.o
    0x08006b3c   0x08006b3c   0x00000138   Code   RO         3390    i.setting_ui_show   ui.o
    0x08006c74   0x08006c74   0x0000004c   Code   RO         9393    i.sqrt              m_ws.l(sqrt.o)
    0x08006cc0   0x08006cc0   0x00000012   Code   RO         5146    i.u8g2_ClearBuffer  u8g2_buffer.o
    0x08006cd2   0x08006cd2   0x00000044   Code   RO         5116    i.u8g2_DrawBox      u8g2_box.o
    0x08006d16   0x08006d16   0x00000040   Code   RO         5241    i.u8g2_DrawDisc     u8g2_circle.o
    0x08006d56   0x08006d56   0x0000006e   Code   RO         5349    i.u8g2_DrawGlyph    u8g2_font.o
    0x08006dc4   0x08006dc4   0x0000000c   Code   RO         7604    i.u8g2_DrawHLine    u8g2_hvline.o
    0x08006dd0   0x08006dd0   0x000000ac   Code   RO         7605    i.u8g2_DrawHVLine   u8g2_hvline.o
    0x08006e7c   0x08006e7c   0x00000094   Code   RO         5070    i.u8g2_DrawHXBMP    u8g2_bitmap.o
    0x08006f10   0x08006f10   0x000000e6   Code   RO         5118    i.u8g2_DrawRBox     u8g2_box.o
    0x08006ff6   0x08006ff6   0x00000002   PAD
    0x08006ff8   0x08006ff8   0x00000010   Code   RO         5351    i.u8g2_DrawStr      u8g2_font.o
    0x08007008   0x08007008   0x00000010   Code   RO         5353    i.u8g2_DrawUTF8     u8g2_font.o
    0x08007018   0x08007018   0x0000000c   Code   RO         7607    i.u8g2_DrawVLine    u8g2_hvline.o
    0x08007024   0x08007024   0x0000004c   Code   RO         5073    i.u8g2_DrawXBMP     u8g2_bitmap.o
    0x08007070   0x08007070   0x00000030   Code   RO         7666    i.u8g2_IsIntersection  u8g2_intersection.o
    0x080070a0   0x080070a0   0x00000012   Code   RO         5149    i.u8g2_SendBuffer   u8g2_buffer.o
    0x080070b2   0x080070b2   0x00000010   Code   RO         7608    i.u8g2_SetDrawColor  u8g2_hvline.o
    0x080070c2   0x080070c2   0x00000020   Code   RO         5367    i.u8g2_SetFont      u8g2_font.o
    0x080070e2   0x080070e2   0x00000002   PAD
    0x080070e4   0x080070e4   0x0000000c   Code   RO         5370    i.u8g2_SetFontPosBaseline  u8g2_font.o
    0x080070f0   0x080070f0   0x0000001c   Code   RO         7854    i.u8g2_SetMaxClipWindow  u8g2_setup.o
    0x0800710c   0x0800710c   0x00000046   Code   RO         7855    i.u8g2_SetupBuffer  u8g2_setup.o
    0x08007152   0x08007152   0x00000002   PAD
    0x08007154   0x08007154   0x00000038   Code   RO         5335    i.u8g2_Setup_ssd1306_i2c_128x64_noname_f  u8g2_d_setup.o
    0x0800718c   0x0800718c   0x00000052   Code   RO         5377    i.u8g2_UpdateRefHeight  u8g2_font.o
    0x080071de   0x080071de   0x0000001c   Code   RO         5378    i.u8g2_add_vector_x  u8g2_font.o
    0x080071fa   0x080071fa   0x0000001c   Code   RO         5379    i.u8g2_add_vector_y  u8g2_font.o
    0x08007216   0x08007216   0x0000006e   Code   RO         7857    i.u8g2_apply_clip_window  u8g2_setup.o
    0x08007284   0x08007284   0x0000003c   Code   RO         7609    i.u8g2_clip_intersection2  u8g2_hvline.o
    0x080072c0   0x080072c0   0x0000006a   Code   RO         5246    i.u8g2_draw_disc    u8g2_circle.o
    0x0800732a   0x0800732a   0x000000cc   Code   RO         5247    i.u8g2_draw_disc_section  u8g2_circle.o
    0x080073f6   0x080073f6   0x00000012   Code   RO         7610    i.u8g2_draw_hv_line_2dir  u8g2_hvline.o
    0x08007408   0x08007408   0x0000000c   Code   RO         7859    i.u8g2_draw_l90_r0  u8g2_setup.o
    0x08007414   0x08007414   0x00000076   Code   RO         5380    i.u8g2_draw_string  u8g2_font.o
    0x0800748a   0x0800748a   0x00000004   Code   RO         5386    i.u8g2_font_calc_vref_font  u8g2_font.o
    0x0800748e   0x0800748e   0x00000014   Code   RO         5388    i.u8g2_font_decode_get_signed_bits  u8g2_font.o
    0x080074a2   0x080074a2   0x00000034   Code   RO         5389    i.u8g2_font_decode_get_unsigned_bits  u8g2_font.o
    0x080074d6   0x080074d6   0x00000002   PAD
    0x080074d8   0x080074d8   0x00000114   Code   RO         5390    i.u8g2_font_decode_glyph  u8g2_font.o
    0x080075ec   0x080075ec   0x0000008c   Code   RO         5391    i.u8g2_font_decode_len  u8g2_font.o
    0x08007678   0x08007678   0x00000072   Code   RO         5392    i.u8g2_font_get_glyph_data  u8g2_font.o
    0x080076ea   0x080076ea   0x00000014   Code   RO         5393    i.u8g2_font_get_word  u8g2_font.o
    0x080076fe   0x080076fe   0x00000034   Code   RO         5394    i.u8g2_font_setup_decode  u8g2_font.o
    0x08007732   0x08007732   0x00000018   Code   RO         7667    i.u8g2_is_intersection_decision_tree  u8g2_intersection.o
    0x0800774a   0x0800774a   0x00000002   PAD
    0x0800774c   0x0800774c   0x00000090   Code   RO         7715    i.u8g2_ll_hvline_vertical_top_lsb  u8g2_ll_hvline.o
    0x080077dc   0x080077dc   0x0000000c   Code   RO         5322    i.u8g2_m_16_8_f     u8g2_d_memory.o
    0x080077e8   0x080077e8   0x0000006a   Code   RO         5395    i.u8g2_read_font_info  u8g2_font.o
    0x08007852   0x08007852   0x0000004e   Code   RO         5157    i.u8g2_send_buffer  u8g2_buffer.o
    0x080078a0   0x080078a0   0x00000046   Code   RO         7864    i.u8g2_update_dimension_common  u8g2_setup.o
    0x080078e6   0x080078e6   0x00000004   Code   RO         7865    i.u8g2_update_dimension_r0  u8g2_setup.o
    0x080078ea   0x080078ea   0x00000022   Code   RO         7869    i.u8g2_update_page_win_r0  u8g2_setup.o
    0x0800790c   0x0800790c   0x0000001e   Code   RO         8646    i.u8x8_DrawTile     u8x8_display.o
    0x0800792a   0x0800792a   0x00000010   Code   RO         8648    i.u8x8_InitDisplay  u8x8_display.o
    0x0800793a   0x0800793a   0x00000010   Code   RO         8650    i.u8x8_RefreshDisplay  u8x8_display.o
    0x0800794a   0x0800794a   0x00000010   Code   RO         8653    i.u8x8_SetPowerSave  u8x8_display.o
    0x0800795a   0x0800795a   0x00000022   Code   RO         8952    i.u8x8_Setup        u8x8_setup.o
    0x0800797c   0x0800797c   0x00000024   Code   RO         8953    i.u8x8_SetupDefaults  u8x8_setup.o
    0x080079a0   0x080079a0   0x00000010   Code   RO         8654    i.u8x8_SetupMemory  u8x8_display.o
    0x080079b0   0x080079b0   0x0000000e   Code   RO         8153    i.u8x8_ascii_next   u8x8_8x8.o
    0x080079be   0x080079be   0x00000010   Code   RO         8278    i.u8x8_byte_EndTransfer  u8x8_byte.o
    0x080079ce   0x080079ce   0x0000000e   Code   RO         8279    i.u8x8_byte_SendByte  u8x8_byte.o
    0x080079dc   0x080079dc   0x00000010   Code   RO         8282    i.u8x8_byte_StartTransfer  u8x8_byte.o
    0x080079ec   0x080079ec   0x000000ac   Code   RO         3391    i.u8x8_byte_hw_i2c  ui.o
    0x08007a98   0x08007a98   0x00000010   Code   RO         8398    i.u8x8_cad_EndTransfer  u8x8_cad.o
    0x08007aa8   0x08007aa8   0x00000010   Code   RO         8399    i.u8x8_cad_SendArg  u8x8_cad.o
    0x08007ab8   0x08007ab8   0x00000010   Code   RO         8400    i.u8x8_cad_SendCmd  u8x8_cad.o
    0x08007ac8   0x08007ac8   0x00000010   Code   RO         8401    i.u8x8_cad_SendData  u8x8_cad.o
    0x08007ad8   0x08007ad8   0x00000068   Code   RO         8403    i.u8x8_cad_SendSequence  u8x8_cad.o
    0x08007b40   0x08007b40   0x00000010   Code   RO         8404    i.u8x8_cad_StartTransfer  u8x8_cad.o
    0x08007b50   0x08007b50   0x000000bc   Code   RO         8407    i.u8x8_cad_ssd13xx_fast_i2c  u8x8_cad.o
    0x08007c0c   0x08007c0c   0x00000060   Code   RO         8655    i.u8x8_d_helper_display_init  u8x8_display.o
    0x08007c6c   0x08007c6c   0x0000000a   Code   RO         8656    i.u8x8_d_helper_display_setup_memory  u8x8_display.o
    0x08007c76   0x08007c76   0x00000002   PAD
    0x08007c78   0x08007c78   0x0000003c   Code   RO         8580    i.u8x8_d_ssd1306_128x64_noname  u8x8_d_ssd1306_128x64_noname.o
    0x08007cb4   0x08007cb4   0x000000c8   Code   RO         8582    i.u8x8_d_ssd1306_sh1106_generic  u8x8_d_ssd1306_128x64_noname.o
    0x08007d7c   0x08007d7c   0x00000004   Code   RO         8955    i.u8x8_dummy_cb     u8x8_setup.o
    0x08007d80   0x08007d80   0x00000094   Code   RO         3392    i.u8x8_gpio_and_delay  ui.o
    0x08007e14   0x08007e14   0x0000000c   Code   RO         8874    i.u8x8_gpio_call    u8x8_gpio.o
    0x08007e20   0x08007e20   0x0000002c   Code   RO         8415    i.u8x8_i2c_data_transfer  u8x8_cad.o
    0x08007e4c   0x08007e4c   0x00000008   Code   RO         8161    i.u8x8_utf8_init    u8x8_8x8.o
    0x08007e54   0x08007e54   0x00000090   Code   RO         8162    i.u8x8_utf8_next    u8x8_8x8.o
    0x08007ee4   0x08007ee4   0x000000a0   Code   RO         3332    i.uart_init         usart.o
    0x08007f84   0x08007f84   0x0000003c   Code   RO         3393    i.ui_proc           ui.o
    0x08007fc0   0x08007fc0   0x00000034   Code   RO         3394    i.ui_run            ui.o
    0x08007ff4   0x08007ff4   0x00000030   Code   RO         3395    i.ui_run_pic        ui.o
    0x08008024   0x08008024   0x0000002c   Code   RO         9465    locale$$code        c_w.l(lc_numeric_c.o)
    0x08008050   0x08008050   0x00000062   Code   RO         9256    x$fpl$d2f           fz_ws.l(d2f.o)
    0x080080b2   0x080080b2   0x00000002   PAD
    0x080080b4   0x080080b4   0x00000150   Code   RO         9258    x$fpl$dadd          fz_ws.l(daddsub_clz.o)
    0x08008204   0x08008204   0x00000010   Code   RO         9467    x$fpl$dcheck1       fz_ws.l(dcheck1.o)
    0x08008214   0x08008214   0x00000018   Code   RO         9469    x$fpl$dcmpinf       fz_ws.l(dcmpi.o)
    0x0800822c   0x0800822c   0x000002b0   Code   RO         9265    x$fpl$ddiv          fz_ws.l(ddiv.o)
    0x080084dc   0x080084dc   0x00000078   Code   RO         9348    x$fpl$deqf          fz_ws.l(deqf.o)
    0x08008554   0x08008554   0x0000002e   Code   RO         9273    x$fpl$dflt          fz_ws.l(dflt_clz.o)
    0x08008582   0x08008582   0x00000002   PAD
    0x08008584   0x08008584   0x00000154   Code   RO         9278    x$fpl$dmul          fz_ws.l(dmul.o)
    0x080086d8   0x080086d8   0x0000009c   Code   RO         9350    x$fpl$dnaninf       fz_ws.l(dnaninf.o)
    0x08008774   0x08008774   0x0000000c   Code   RO         9352    x$fpl$dretinf       fz_ws.l(dretinf.o)
    0x08008780   0x08008780   0x00000016   Code   RO         9259    x$fpl$drsb          fz_ws.l(daddsub_clz.o)
    0x08008796   0x08008796   0x00000002   PAD
    0x08008798   0x08008798   0x000001cc   Code   RO         9473    x$fpl$dsqrt         fz_ws.l(dsqrt_noumaal.o)
    0x08008964   0x08008964   0x000001d4   Code   RO         9260    x$fpl$dsub          fz_ws.l(daddsub_clz.o)
    0x08008b38   0x08008b38   0x00000056   Code   RO         9280    x$fpl$f2d           fz_ws.l(f2d.o)
    0x08008b8e   0x08008b8e   0x00000002   PAD
    0x08008b90   0x08008b90   0x000000c4   Code   RO         9282    x$fpl$fadd          fz_ws.l(faddsub_clz.o)
    0x08008c54   0x08008c54   0x0000000c   Code   RO         9354    x$fpl$fcheck1       fz_ws.l(fcheck1.o)
    0x08008c60   0x08008c60   0x00000184   Code   RO         9289    x$fpl$fdiv          fz_ws.l(fdiv.o)
    0x08008de4   0x08008de4   0x00000036   Code   RO         9292    x$fpl$ffix          fz_ws.l(ffix.o)
    0x08008e1a   0x08008e1a   0x00000002   PAD
    0x08008e1c   0x08008e1c   0x0000003e   Code   RO         9296    x$fpl$ffixu         fz_ws.l(ffixu.o)
    0x08008e5a   0x08008e5a   0x00000002   PAD
    0x08008e5c   0x08008e5c   0x00000030   Code   RO         9301    x$fpl$fflt          fz_ws.l(fflt_clz.o)
    0x08008e8c   0x08008e8c   0x00000026   Code   RO         9300    x$fpl$ffltu         fz_ws.l(fflt_clz.o)
    0x08008eb2   0x08008eb2   0x00000002   PAD
    0x08008eb4   0x08008eb4   0x00000102   Code   RO         9306    x$fpl$fmul          fz_ws.l(fmul.o)
    0x08008fb6   0x08008fb6   0x0000008c   Code   RO         9356    x$fpl$fnaninf       fz_ws.l(fnaninf.o)
    0x08009042   0x08009042   0x0000000a   Code   RO         9358    x$fpl$fretinf       fz_ws.l(fretinf.o)
    0x0800904c   0x0800904c   0x000000ea   Code   RO         9284    x$fpl$fsub          fz_ws.l(faddsub_clz.o)
    0x08009136   0x08009136   0x00000004   Code   RO         9308    x$fpl$printf1       fz_ws.l(printf1.o)
    0x0800913a   0x0800913a   0x00000064   Code   RO         9477    x$fpl$retnan        fz_ws.l(retnan.o)
    0x0800919e   0x0800919e   0x0000005c   Code   RO         9360    x$fpl$scalbn        fz_ws.l(scalbn.o)
    0x080091fa   0x080091fa   0x0000004c   Code   RO         9310    x$fpl$scalbnf       fz_ws.l(scalbnf.o)
    0x08009246   0x08009246   0x00000030   Code   RO         9541    x$fpl$trapveneer    fz_ws.l(trapv.o)
    0x08009276   0x08009276   0x00000000   Code   RO         9362    x$fpl$usenofp       fz_ws.l(usenofp.o)
    0x08009276   0x08009276   0x000000af   Data   RO         3609    .constdata          ui_bmp_data.o
    0x08009325   0x08009325   0x000000b9   Data   RO         3610    .constdata          ui_bmp_data.o
    0x080093de   0x080093de   0x000000b4   Data   RO         3611    .constdata          ui_bmp_data.o
    0x08009492   0x08009492   0x00000401   Data   RO         3612    .constdata          ui_bmp_data.o
    0x08009893   0x08009893   0x00000401   Data   RO         3613    .constdata          ui_bmp_data.o
    0x08009c94   0x08009c94   0x00000401   Data   RO         3614    .constdata          ui_bmp_data.o
    0x0800a095   0x0800a095   0x00000401   Data   RO         3615    .constdata          ui_bmp_data.o
    0x0800a496   0x0800a496   0x00000401   Data   RO         3616    .constdata          ui_bmp_data.o
    0x0800a897   0x0800a897   0x00000401   Data   RO         3617    .constdata          ui_bmp_data.o
    0x0800ac98   0x0800ac98   0x000000b5   Data   RO         3619    .constdata          ui_bmp_data.o
    0x0800ad4d   0x0800ad4d   0x000000b5   Data   RO         3620    .constdata          ui_bmp_data.o
    0x0800ae02   0x0800ae02   0x000000b5   Data   RO         3621    .constdata          ui_bmp_data.o
    0x0800aeb7   0x0800aeb7   0x0000001b   Data   RO         4001    .constdata          inv_mpu.o
    0x0800aed2   0x0800aed2   0x0000000c   Data   RO         4002    .constdata          inv_mpu.o
    0x0800aede   0x0800aede   0x00000002   PAD
    0x0800aee0   0x0800aee0   0x00000028   Data   RO         4003    .constdata          inv_mpu.o
    0x0800af08   0x0800af08   0x00000bf6   Data   RO         4313    .constdata          inv_mpu_dmp_motion_driver.o
    0x0800bafe   0x0800bafe   0x000008fd   Data   RO         5869    .constdata          u8g2_fonts.o
    0x0800c3fb   0x0800c3fb   0x000008fd   Data   RO         5886    .constdata          u8g2_fonts.o
    0x0800ccf8   0x0800ccf8   0x00000cf3   Data   RO         5934    .constdata          u8g2_fonts.o
    0x0800d9eb   0x0800d9eb   0x000022ca   Data   RO         6755    .constdata          u8g2_fonts.o
    0x0800fcb5   0x0800fcb5   0x00002fd6   Data   RO         6796    .constdata          u8g2_fonts.o
    0x08012c8b   0x08012c8b   0x00000ccb   Data   RO         6900    .constdata          u8g2_fonts.o
    0x08013956   0x08013956   0x00000002   PAD
    0x08013958   0x08013958   0x0000000c   Data   RO         7873    .constdata          u8g2_setup.o
    0x08013964   0x08013964   0x00000158   Data   RO         8584    .constdata          u8x8_d_ssd1306_128x64_noname.o
    0x08013abc   0x08013abc   0x00000011   Data   RO         9233    .constdata          c_w.l(__printf_flags_wp.o)
    0x08013acd   0x08013acd   0x00000003   PAD
    0x08013ad0   0x08013ad0   0x00000050   Data   RO         9314    .constdata          m_ws.l(asin.o)
    0x08013b20   0x08013b20   0x00000098   Data   RO         9365    .constdata          m_ws.l(atan.o)
    0x08013bb8   0x08013bb8   0x00000008   Data   RO         9391    .constdata          m_ws.l(qnan.o)
    0x08013bc0   0x08013bc0   0x00000094   Data   RO         9436    .constdata          c_w.l(bigflt0.o)
    0x08013c54   0x08013c54   0x0000003c   Data   RO         3397    .conststring        ui.o
    0x08013c90   0x08013c90   0x0000004d   Data   RO         4004    .conststring        inv_mpu.o
    0x08013cdd   0x08013cdd   0x00000003   PAD
    0x08013ce0   0x08013ce0   0x00000020   Data   RO         9624    Region$$Table       anon$$obj.o
    0x08013d00   0x08013d00   0x0000001c   Data   RO         9464    locale$$data        c_w.l(lc_numeric_c.o)


    Execution Region RW_IRAM1 (Exec base: 0x20000000, Load base: 0x08013d1c, Size: 0x00000d60, Max: 0x00005000, ABSOLUTE, COMPRESSED[0x00000080])

    Exec Addr    Load Addr    Size         Type   Attr      Idx    E Section Name        Object

    0x20000000   COMPRESSED   0x00000014   Data   RW         1798    .data               stm32f10x_rcc.o
    0x20000014   COMPRESSED   0x00000002   Data   RW         3334    .data               usart.o
    0x20000016   COMPRESSED   0x00000002   PAD
    0x20000018   COMPRESSED   0x00000004   Data   RW         3335    .data               usart.o
    0x2000001c   COMPRESSED   0x000000ec   Data   RW         3398    .data               ui.o
    0x20000108   COMPRESSED   0x00000010   Data   RW         3645    .data               mykey.o
    0x20000118   COMPRESSED   0x0000001c   Data   RW         3681    .data               myled.o
    0x20000134   COMPRESSED   0x00000035   Data   RW         4005    .data               inv_mpu.o
    0x20000169   COMPRESSED   0x00000006   Data   RW         8417    .data               u8x8_cad.o
    0x2000016f   COMPRESSED   0x00000001   Data   RW         9068    .data               main.o
    0x20000170        -       0x000000c8   Zero   RW         3333    .bss                usart.o
    0x20000238        -       0x00000020   Zero   RW         3396    .bss                ui.o
    0x20000258        -       0x00000010   Zero   RW         4312    .bss                inv_mpu_dmp_motion_driver.o
    0x20000268        -       0x00000400   Zero   RW         5323    .bss                u8g2_d_memory.o
    0x20000668        -       0x00000094   Zero   RW         9067    .bss                main.o
    0x200006fc        -       0x00000060   Zero   RW         9480    .bss                c_w.l(libspace.o)
    0x2000075c   COMPRESSED   0x00000004   PAD
    0x20000760        -       0x00000200   Zero   RW            2    HEAP                startup_stm32f10x_md.o
    0x20000960        -       0x00000400   Zero   RW            1    STACK               startup_stm32f10x_md.o


==============================================================================

Image component sizes


      Code (inc. data)   RO Data    RW Data    ZI Data      Debug   Object Name

       240         20          0          0          0       1072   ad.o
         0          0          0          0          0       4516   core_cm3.o
        54          0          0          0          0       1088   delay.o
       158         14          0          0          0     203142   iic_oled.o
      5324        290        156         53          0      29246   inv_mpu.o
      2382        118       3062          0         16      19062   inv_mpu_dmp_motion_driver.o
       250         64          0          1        148       1111   main.o
       120         16          0          0          0     213527   misc.o
       778         26          0          0          0       7587   mpu6050.o
       600         66          0          0          0       4794   mpuiic.o
         0          0          0          0          0     159246   mui_u8g2.o
       528         36          0         16          0       2675   mykey.o
      1360         54          0         28          0       4777   myled.o
       144         12          0          0          0        983   playmusic.o
        64         26        236          0       1536       1004   startup_stm32f10x_md.o
       296         10          0          0          0      17889   stm32f10x_adc.o
       272          6          0          0          0      12210   stm32f10x_gpio.o
       292         10          0          0          0      13318   stm32f10x_i2c.o
        18          0          0          0          0       3406   stm32f10x_it.o
       212         34          0         20          0      13273   stm32f10x_rcc.o
       228         42          0          0          0      24801   stm32f10x_tim.o
       310          6          0          0          0      10586   stm32f10x_usart.o
       248         24          0          0          0      52533   system_stm32f10x.o
        98          0          0          0          0        612   timer2.o
       224          0          0          0          0       1937   u8g2_bitmap.o
       298          0          0          0          0       1491   u8g2_box.o
       114          0          0          0          0       2291   u8g2_buffer.o
       374          0          0          0          0       3340   u8g2_circle.o
        12          4          0          0       1024        748   u8g2_d_memory.o
        56         14          0          0          0        957   u8g2_d_setup.o
      1226         14          0          0          0      13456   u8g2_font.o
         0          0      32344          0          0     145359   u8g2_fonts.o
       290          0          0          0          0       3877   u8g2_hvline.o
        72          0          0          0          0       1755   u8g2_intersection.o
       144          0          0          0          0       1290   u8g2_ll_hvline.o
       328          0         12          0          0     146367   u8g2_setup.o
       166          0          0          0          0       2366   u8x8_8x8.o
        46          0          0          0          0       1523   u8x8_byte.o
       416         12          0          6          0       8188   u8x8_cad.o
       260         12        344          0          0       2907   u8x8_d_ssd1306_128x64_noname.o
       200          0          0          0          0       3942   u8x8_display.o
        12          0          0          0          0        537   u8x8_gpio.o
        74          4          0          0          0       1598   u8x8_setup.o
      6600       1302         60        236         32     181084   ui.o
         0          0       7233          0          0       1518   ui_bmp_data.o
       286         26          0          6        200       3784   usart.o

    ----------------------------------------------------------------------
     25214       2262      43486        368       2956    1332773   Object Totals
         0          0         32          0          0          0   (incl. Generated)
        40          0          7          2          0          0   (incl. Padding)

    ----------------------------------------------------------------------

      Code (inc. data)   RO Data    RW Data    ZI Data      Debug   Library Member Name

        90          0          0          0          0          0   __dczerorl2.o
         8          0          0          0          0         68   __main.o
       312          4         17          0          0         92   __printf_flags_wp.o
        14          0          0          0          0         68   __printf_wp.o
         0          0          0          0          0          0   __rtentry.o
        12          0          0          0          0          0   __rtentry2.o
         6          0          0          0          0          0   __rtentry4.o
        52          8          0          0          0          0   __scatter.o
        28          0          0          0          0          0   __scatter_zi.o
        48          6          0          0          0         96   _printf_char_common.o
        36          4          0          0          0         80   _printf_char_file.o
         6          0          0          0          0          0   _printf_d.o
       120         16          0          0          0         92   _printf_dec.o
         6          0          0          0          0          0   _printf_f.o
      1054          0          0          0          0        216   _printf_fp_dec.o
       128         16          0          0          0         84   _printf_fp_infnan.o
       178          0          0          0          0         88   _printf_intcommon.o
        78          0          0          0          0        108   _printf_pad.o
         0          0          0          0          0          0   _printf_percent.o
         4          0          0          0          0          0   _printf_percent_end.o
        22          0          0          0          0        100   _rserrno.o
        10          0          0          0          0         68   _sputc.o
        16          0          0          0          0         68   aeabi_memset.o
       228          4        148          0          0         96   bigflt0.o
      1936        128          0          0          0        672   btod.o
        18          0          0          0          0         80   exit.o
         8          0          0          0          0         68   ferror.o
         6          0          0          0          0        152   heapauxi.o
        44         10         28          0          0         76   lc_numeric_c.o
         2          0          0          0          0          0   libinit.o
        18          0          0          0          0          0   libinit2.o
         2          0          0          0          0          0   libshutdown.o
         2          0          0          0          0          0   libshutdown2.o
         8          4          0          0         96         68   libspace.o
        72          0          0          0          0         76   llsdiv.o
       138          0          0          0          0         80   lludiv10.o
       238          0          0          0          0        100   lludivv7m.o
        88          0          0          0          0         76   memcmp.o
        24          4          0          0          0         84   noretval__2printf.o
        40          6          0          0          0         84   noretval__2sprintf.o
         8          4          0          0          0         68   rt_errno_addr_intlibspace.o
         8          4          0          0          0         68   rt_locale_intlibspace.o
        68          0          0          0          0         68   rt_memclr.o
        78          0          0          0          0         80   rt_memclr_w.o
         2          0          0          0          0          0   rtexit.o
        10          0          0          0          0          0   rtexit2.o
       128          0          0          0          0         68   strcmpv7m.o
        74          0          0          0          0         80   sys_stackheap_outer.o
         2          0          0          0          0         68   use_no_semi.o
         2          0          0          0          0         68   use_no_semi_2.o
        98          4          0          0          0         92   d2f.o
       826         16          0          0          0        348   daddsub_clz.o
        16          4          0          0          0         68   dcheck1.o
        24          0          0          0          0         68   dcmpi.o
       688        140          0          0          0        208   ddiv.o
       120          4          0          0          0         92   deqf.o
        46          0          0          0          0         68   dflt_clz.o
       340         12          0          0          0        104   dmul.o
       156          4          0          0          0         92   dnaninf.o
        12          0          0          0          0         68   dretinf.o
       460         56          0          0          0        120   dsqrt_noumaal.o
        86          4          0          0          0         84   f2d.o
       430          8          0          0          0        168   faddsub_clz.o
        12          4          0          0          0         68   fcheck1.o
       388         76          0          0          0         96   fdiv.o
        54          4          0          0          0         84   ffix.o
        62          4          0          0          0         84   ffixu.o
        86          0          0          0          0        136   fflt_clz.o
       258          4          0          0          0         84   fmul.o
       140          4          0          0          0         84   fnaninf.o
        10          0          0          0          0         68   fretinf.o
         4          0          0          0          0         68   printf1.o
       100          0          0          0          0         68   retnan.o
        92          0          0          0          0         68   scalbn.o
        76          0          0          0          0         68   scalbnf.o
        48          0          0          0          0         68   trapv.o
         0          0          0          0          0          0   usenofp.o
       624         52         80          0          0        168   asin.o
       544         70        152          0          0        124   atan.o
       412         38          0          0          0        144   atan2.o
        38          6          0          0          0        272   dunder.o
        40          0          0          0          0         68   fpclassify.o
       170          0          0          0          0         96   poly.o
         0          0          8          0          0          0   qnan.o
        76          0          0          0          0         84   sqrt.o

    ----------------------------------------------------------------------
     12044        732        436          0        100       7088   Library Totals
        28          0          3          0          4          0   (incl. Padding)

    ----------------------------------------------------------------------

      Code (inc. data)   RO Data    RW Data    ZI Data      Debug   Library Name

      5480        218        193          0         96       3508   c_w.l
      4632        348          0          0          0       2624   fz_ws.l
      1904        166        240          0          0        956   m_ws.l

    ----------------------------------------------------------------------
     12044        732        436          0        100       7088   Library Totals

    ----------------------------------------------------------------------

==============================================================================


      Code (inc. data)   RO Data    RW Data    ZI Data      Debug   

     37258       2994      43922        368       3056    1323633   Grand Totals
     37258       2994      43922        128       3056    1323633   ELF Image Totals (compressed)
     37258       2994      43922        128          0          0   ROM Totals

==============================================================================

    Total RO  Size (Code + RO Data)                81180 (  79.28kB)
    Total RW  Size (RW Data + ZI Data)              3424 (   3.34kB)
    Total ROM Size (Code + RO Data + RW Data)      81308 (  79.40kB)

==============================================================================

